Archive member included because of file (symbol)

c:\Users\OFSmi\AppData\Roaming\Code\User\globalStorage\vexrobotics.vexcode\sdk\cpp\V5\V5_20240223_11_00_00/vexv5\libv5rt.a(v5_startup.c.obj)
                              (vexStartup)
c:\Users\OFSmi\AppData\Roaming\Code\User\globalStorage\vexrobotics.vexcode\sdk\cpp\V5\V5_20240223_11_00_00/vexv5\libv5rt.a(v5_util.c.obj)
                              c:\Users\OFSmi\AppData\Roaming\Code\User\globalStorage\vexrobotics.vexcode\sdk\cpp\V5\V5_20240223_11_00_00/vexv5\libv5rt.a(v5_startup.c.obj) (vexStdlibVersionLinked)
c:\Users\OFSmi\AppData\Roaming\Code\User\globalStorage\vexrobotics.vexcode\sdk\cpp\V5\V5_20240223_11_00_00/vexv5\libv5rt.a(v5_apijump.c.obj)
                              c:\Users\OFSmi\AppData\Roaming\Code\User\globalStorage\vexrobotics.vexcode\sdk\cpp\V5\V5_20240223_11_00_00/vexv5\libv5rt.a(v5_startup.c.obj) (vexPrivateApiEnable)
c:\Users\OFSmi\AppData\Roaming\Code\User\globalStorage\vexrobotics.vexcode\sdk\cpp\V5\V5_20240223_11_00_00/vexv5\libv5rt.a(v5_apiversions.c.obj)
                              c:\Users\OFSmi\AppData\Roaming\Code\User\globalStorage\vexrobotics.vexcode\sdk\cpp\V5\V5_20240223_11_00_00/vexv5\libv5rt.a(v5_apijump.c.obj) (vexSystemVersion)
c:\Users\OFSmi\AppData\Roaming\Code\User\globalStorage\vexrobotics.vexcode\sdk\cpp\V5\V5_20240223_11_00_00/vexv5\libv5rt.a(vex_global.cpp.obj)
                              build/src/main.o (vex::wait(double, vex::timeUnits))
c:\Users\OFSmi\AppData\Roaming\Code\User\globalStorage\vexrobotics.vexcode\sdk\cpp\V5\V5_20240223_11_00_00/vexv5\libv5rt.a(vex_motor.cpp.obj)
                              build/src/main.o (vex::motor::~motor())
c:\Users\OFSmi\AppData\Roaming\Code\User\globalStorage\vexrobotics.vexcode\sdk\cpp\V5\V5_20240223_11_00_00/vexv5\libv5rt.a(vex_rotation.cpp.obj)
                              build/src/main.o (vex::rotation::~rotation())
c:\Users\OFSmi\AppData\Roaming\Code\User\globalStorage\vexrobotics.vexcode\sdk\cpp\V5\V5_20240223_11_00_00/vexv5\libv5rt.a(vex_controller.cpp.obj)
                              build/src/main.o (vex::controller::~controller())
c:\Users\OFSmi\AppData\Roaming\Code\User\globalStorage\vexrobotics.vexcode\sdk\cpp\V5\V5_20240223_11_00_00/vexv5\libv5rt.a(vex_thread.cpp.obj)
                              c:\Users\OFSmi\AppData\Roaming\Code\User\globalStorage\vexrobotics.vexcode\sdk\cpp\V5\V5_20240223_11_00_00/vexv5\libv5rt.a(vex_global.cpp.obj) (vex::this_thread::sleep_for(unsigned long))
c:\Users\OFSmi\AppData\Roaming\Code\User\globalStorage\vexrobotics.vexcode\sdk\cpp\V5\V5_20240223_11_00_00/vexv5\libv5rt.a(vex_event.cpp.obj)
                              c:\Users\OFSmi\AppData\Roaming\Code\User\globalStorage\vexrobotics.vexcode\sdk\cpp\V5\V5_20240223_11_00_00/vexv5\libv5rt.a(vex_rotation.cpp.obj) (vex::event::init(unsigned long, unsigned long, void (*)()))
c:\Users\OFSmi\AppData\Roaming\Code\User\globalStorage\vexrobotics.vexcode\sdk\cpp\V5\V5_20240223_11_00_00/vexv5\libv5rt.a(vex_mevent.cpp.obj)
                              c:\Users\OFSmi\AppData\Roaming\Code\User\globalStorage\vexrobotics.vexcode\sdk\cpp\V5\V5_20240223_11_00_00/vexv5\libv5rt.a(vex_controller.cpp.obj) (vex::mevent::mevent(unsigned long, unsigned long))
c:\Users\OFSmi\AppData\Roaming\Code\User\globalStorage\vexrobotics.vexcode\sdk\cpp\V5\V5_20240223_11_00_00/vexv5\libv5rt.a(vex_brain.cpp.obj)
                              build/src/main.o (vex::brain::brain())
c:\Users\OFSmi\AppData\Roaming\Code\User\globalStorage\vexrobotics.vexcode\sdk\cpp\V5\V5_20240223_11_00_00/vexv5\libv5rt.a(vex_competition.cpp.obj)
                              build/src/main.o (vex::competition::competition())
c:\Users\OFSmi\AppData\Roaming\Code\User\globalStorage\vexrobotics.vexcode\sdk\cpp\V5\V5_20240223_11_00_00/vexv5\libv5rt.a(vex_triport.cpp.obj)
                              c:\Users\OFSmi\AppData\Roaming\Code\User\globalStorage\vexrobotics.vexcode\sdk\cpp\V5\V5_20240223_11_00_00/vexv5\libv5rt.a(vex_brain.cpp.obj) (vex::triport::~triport())
c:\Users\OFSmi\AppData\Roaming\Code\User\globalStorage\vexrobotics.vexcode\sdk\cpp\V5\V5_20240223_11_00_00/vexv5\libv5rt.a(vex_color.cpp.obj)
                              c:\Users\OFSmi\AppData\Roaming\Code\User\globalStorage\vexrobotics.vexcode\sdk\cpp\V5\V5_20240223_11_00_00/vexv5\libv5rt.a(vex_brain.cpp.obj) (vex::color::operator unsigned long() const)
c:\Users\OFSmi\AppData\Roaming\Code\User\globalStorage\vexrobotics.vexcode\sdk\cpp\V5\V5_20240223_11_00_00/vexv5\libv5rt.a(vex_timer.cpp.obj)
                              c:\Users\OFSmi\AppData\Roaming\Code\User\globalStorage\vexrobotics.vexcode\sdk\cpp\V5\V5_20240223_11_00_00/vexv5\libv5rt.a(vex_brain.cpp.obj) (vex::timer::~timer())
c:\Users\OFSmi\AppData\Roaming\Code\User\globalStorage\vexrobotics.vexcode\sdk\cpp\V5\V5_20240223_11_00_00/vexv5\libv5rt.a(vex_motorgroup.cpp.obj)
                              build/src/main.o (vex::motor_group::motor_group())
[...]
Memory Configuration

Name             Origin             Length             Attributes
ps7_ddr_0_S_AXI_BASEADDR 0x03800000         0x04800000
*default*        0x00000000         0xffffffff

Linker script and memory map

                0x00002000                _STACK_SIZE = DEFINED (_STACK_SIZE)?_STACK_SIZE:0x2000
                0x00100000                _HEAP_SIZE = DEFINED (_HEAP_SIZE)?_HEAP_SIZE:0x100000
                0x00000400                _ABORT_STACK_SIZE = DEFINED (_ABORT_STACK_SIZE)?_ABORT_STACK_SIZE:0x400
                0x00000800                _SUPERVISOR_STACK_SIZE = DEFINED (_SUPERVISOR_STACK_SIZE)?_SUPERVISOR_STACK_SIZE:0x800
                0x00000400                _IRQ_STACK_SIZE = DEFINED (_IRQ_STACK_SIZE)?_IRQ_STACK_SIZE:0x400
                0x00000400                _FIQ_STACK_SIZE = DEFINED (_FIQ_STACK_SIZE)?_FIQ_STACK_SIZE:0x400
                0x00000400                _UNDEF_STACK_SIZE = DEFINED (_UNDEF_STACK_SIZE)?_UNDEF_STACK_SIZE:0x400

.text           0x03800000     0x5110
 *(.vectors)
 *(.boot_data)
 .boot_data     0x03800000       0x20 c:\Users\OFSmi\AppData\Roaming\Code\User\globalStorage\vexrobotics.vexcode\sdk\cpp\V5\V5_20240223_11_00_00/vexv5\libv5rt.a(v5_startup.c.obj)
                0x03800000                vexCodeSig
                0x00000020                . = 0x20
 *(.boot)
 .boot          0x03800020       0xbc c:\Users\OFSmi\AppData\Roaming\Code\User\globalStorage\vexrobotics.vexcode\sdk\cpp\V5\V5_20240223_11_00_00/vexv5\libv5rt.a(v5_startup.c.obj)
                0x03800020                vexStartup
                0x03800100                . = ALIGN (0x40)
 *fill*         0x038000dc       0x24 
 *(.freertos_vectors)
 *(.text)
 .text          0x03800100       0x3a c:\Users\OFSmi\AppData\Roaming\Code\User\globalStorage\vexrobotics.vexcode\sdk\cpp\V5\V5_20240223_11_00_00/vexv5/gcc/libs\libc.a(lib_a-aeabi_memmove-soft.o)
                0x03800100                __aeabi_memmove4
                0x03800100                __aeabi_memmove
                0x03800100                __aeabi_memmove8
 *(.text.*)
 *fill*         0x0380013a        0x2 
 .text._ZN3vex11motor_groupC2IJNS_5motorES2_EEERS2_DpRT_
                0x0380013c       0x44 build/src/main.o
                0x0380013c                vex::motor_group::motor_group<vex::motor, vex::motor>(vex::motor&, vex::motor&, vex::motor&)
 .text._ZN15positionSensingD2Ev
                0x03800180       0x24 build/src/main.o
                0x03800180                positionSensing::~positionSensing()
 .text._Z20resetRotationSensorsv
                0x038001a4       0x30 build/src/main.o
                0x038001a4                resetRotationSensors()
 .text._Z10autonomousv
                0x038001d4       0x9c build/src/main.o
                0x038001d4                autonomous()
 .text._Z11usercontrolv
                0x03800270      0x354 build/src/main.o
                0x03800270                usercontrol()
 *fill*         0x038005c4        0x4 
 .text.main     0x038005c8       0x68 build/src/main.o
                0x038005c8                main
 .text._GLOBAL__sub_I_main.cpp
                0x03800630      0x4e8 build/src/main.o
 .text._ZNSt6vectorIfSaIfEEC2ERKS1_
                0x03800b18       0x78 build/src/Pathing.o
                0x03800b18                std::vector<float, std::allocator<float> >::vector(std::vector<float, std::allocator<float> > const&)
 .text._ZNSt12_Vector_baseIfSaIfEE11_M_allocateEj
                0x03800b90       0x30 build/src/Pathing.o
                0x03800b90                std::_Vector_base<float, std::allocator<float> >::_M_allocate(unsigned int)
 .text._GLOBAL__sub_I_Pathing.cpp
                0x03800bc0       0x34 build/src/Pathing.o
 .text._ZN10vectorMath16CartesianToPolarERSt6vectorIfSaIfEE
                0x03800bf4       0x70 build/src/vectorMath.o
                0x03800bf4                vectorMath::CartesianToPolar(std::vector<float, std::allocator<float> >&)
 .text._ZN10vectorMath10AddVectorsESt6vectorIfSaIfEES2_
                0x03800c64       0x74 build/src/vectorMath.o
                0x03800c64                vectorMath::AddVectors(std::vector<float, std::allocator<float> >, std::vector<float, std::allocator<float> >)
 .text._ZN10vectorMath20RotateVectorAdditionERSt6vectorIfSaIfEEf
                0x03800cd8       0x18 build/src/vectorMath.o
                0x03800cd8                vectorMath::RotateVectorAddition(std::vector<float, std::allocator<float> >&, float)
 .text._ZN10vectorMath16PolarToCartesianERSt6vectorIfSaIfEE
                0x03800cf0       0x54 build/src/vectorMath.o
                0x03800cf0                vectorMath::PolarToCartesian(std::vector<float, std::allocator<float> >&)
 .text._ZN10vectorMath11ScaleVectorESt6vectorIfSaIfEEf
                0x03800d44       0x68 build/src/vectorMath.o
                0x03800d44                vectorMath::ScaleVector(std::vector<float, std::allocator<float> >, float)
 *fill*         0x03800dac        0x4 
 .text._ZN10vectorMath15AngleToDistanceEf
                0x03800db0       0x30 build/src/vectorMath.o
                0x03800db0                vectorMath::AngleToDistance(float)
 .text._GLOBAL__sub_I_vectorMath.cpp
                0x03800de0       0x34 build/src/vectorMath.o
 .text._ZN15positionSensingC2Effffff
                0x03800e14       0x60 build/src/positionSensing.o
                0x03800e14                positionSensing::positionSensing(float, float, float, float, float, float)
                0x03800e14                positionSensing::positionSensing(float, float, float, float, float, float)
 .text._ZN15positionSensing14UpdatePositionEfff
                0x03800e74      0x1d8 build/src/positionSensing.o
                0x03800e74                positionSensing::UpdatePosition(float, float, float)
 .text._ZNSt6vectorIfSaIfEEC2ESt16initializer_listIfERKS0_
                0x0380104c       0x58 build/src/positionSensing.o
                0x0380104c                std::vector<float, std::allocator<float> >::vector(std::initializer_list<float>, std::allocator<float> const&)
 .text._ZNSt6vectorIfSaIfEE13_M_assign_auxIPKfEEvT_S5_St20forward_iterator_tag
                0x038010a4       0xf8 build/src/positionSensing.o
                0x038010a4                void std::vector<float, std::allocator<float> >::_M_assign_aux<float const*>(float const*, float const*, std::forward_iterator_tag)
 .text._ZNSt6vectorIfSaIfEE14_M_move_assignEOS1_St17integral_constantIbLb1EE
                0x0380119c       0x5c build/src/positionSensing.o
                0x0380119c                std::vector<float, std::allocator<float> >::_M_move_assign(std::vector<float, std::allocator<float> >&&, std::integral_constant<bool, true>)
 .text._GLOBAL__sub_I_positionSensing.cpp
                0x038011f8       0x34 build/src/positionSensing.o
 .text.vexMain  0x0380122c       0xb0 c:\Users\OFSmi\AppData\Roaming\Code\User\globalStorage\vexrobotics.vexcode\sdk\cpp\V5\V5_20240223_11_00_00/vexv5\libv5rt.a(v5_startup.c.obj)
                0x0380122c                vexMain
 .text.__vex_function_prolog
                0x038012dc       0x18 c:\Users\OFSmi\AppData\Roaming\Code\User\globalStorage\vexrobotics.vexcode\sdk\cpp\V5\V5_20240223_11_00_00/vexv5\libv5rt.a(v5_startup.c.obj)
                0x038012dc                __vex_function_prolog
 .text._init    0x038012f4        0x4 c:\Users\OFSmi\AppData\Roaming\Code\User\globalStorage\vexrobotics.vexcode\sdk\cpp\V5\V5_20240223_11_00_00/vexv5\libv5rt.a(v5_startup.c.obj)
                0x038012f4                _init
 .text._fini    0x038012f8        0x4 c:\Users\OFSmi\AppData\Roaming\Code\User\globalStorage\vexrobotics.vexcode\sdk\cpp\V5\V5_20240223_11_00_00/vexv5\libv5rt.a(v5_startup.c.obj)
                0x038012f8                _fini
 .text.vexStdlibVersionLinked
                0x038012fc        0xc c:\Users\OFSmi\AppData\Roaming\Code\User\globalStorage\vexrobotics.vexcode\sdk\cpp\V5\V5_20240223_11_00_00/vexv5\libv5rt.a(v5_util.c.obj)
                0x038012fc                vexStdlibVersionLinked
 .text.vexStdlibVersionVerify
                0x03801308       0x30 c:\Users\OFSmi\AppData\Roaming\Code\User\globalStorage\vexrobotics.vexcode\sdk\cpp\V5\V5_20240223_11_00_00/vexv5\libv5rt.a(v5_util.c.obj)
                0x03801308                vexStdlibVersionVerify
 .text.vexPrivateApiEnable
                0x03801338       0x10 c:\Users\OFSmi\AppData\Roaming\Code\User\globalStorage\vexrobotics.vexcode\sdk\cpp\V5\V5_20240223_11_00_00/vexv5\libv5rt.a(v5_apijump.c.obj)
                0x03801338                vexPrivateApiEnable
 .text.vexStdlibMismatchError
                0x03801348       0x3c c:\Users\OFSmi\AppData\Roaming\Code\User\globalStorage\vexrobotics.vexcode\sdk\cpp\V5\V5_20240223_11_00_00/vexv5\libv5rt.a(v5_apijump.c.obj)
                0x03801348                vexStdlibMismatchError
 .text.vexTaskAdd
                0x03801384       0x10 c:\Users\OFSmi\AppData\Roaming\Code\User\globalStorage\vexrobotics.vexcode\sdk\cpp\V5\V5_20240223_11_00_00/vexv5\libv5rt.a(v5_apijump.c.obj)
                0x03801384                vexTaskAdd
 .text.vexTasksRun
                0x03801394       0x10 c:\Users\OFSmi\AppData\Roaming\Code\User\globalStorage\vexrobotics.vexcode\sdk\cpp\V5\V5_20240223_11_00_00/vexv5\libv5rt.a(v5_apijump.c.obj)
                0x03801394                vexTasksRun
 .text.vexTaskYield
                0x038013a4       0x10 c:\Users\OFSmi\AppData\Roaming\Code\User\globalStorage\vexrobotics.vexcode\sdk\cpp\V5\V5_20240223_11_00_00/vexv5\libv5rt.a(v5_apijump.c.obj)
                0x038013a4                vexTaskYield
 .text.vexTaskCheckTimeslice
                0x038013b4       0x10 c:\Users\OFSmi\AppData\Roaming\Code\User\globalStorage\vexrobotics.vexcode\sdk\cpp\V5\V5_20240223_11_00_00/vexv5\libv5rt.a(v5_apijump.c.obj)
                0x038013b4                vexTaskCheckTimeslice
 .text.vexTaskSleep
                0x038013c4       0x10 c:\Users\OFSmi\AppData\Roaming\Code\User\globalStorage\vexrobotics.vexcode\sdk\cpp\V5\V5_20240223_11_00_00/vexv5\libv5rt.a(v5_apijump.c.obj)
                0x038013c4                vexTaskSleep
 .text.vexTasksDump
                0x038013d4       0x1c c:\Users\OFSmi\AppData\Roaming\Code\User\globalStorage\vexrobotics.vexcode\sdk\cpp\V5\V5_20240223_11_00_00/vexv5\libv5rt.a(v5_apijump.c.obj)
                0x038013d4                vexTasksDump
 .text.vexTaskGetTaskIndex
                0x038013f0       0x10 c:\Users\OFSmi\AppData\Roaming\Code\User\globalStorage\vexrobotics.vexcode\sdk\cpp\V5\V5_20240223_11_00_00/vexv5\libv5rt.a(v5_apijump.c.obj)
                0x038013f0                vexTaskGetTaskIndex
 .text.vexTaskStopAll
                0x03801400       0x10 c:\Users\OFSmi\AppData\Roaming\Code\User\globalStorage\vexrobotics.vexcode\sdk\cpp\V5\V5_20240223_11_00_00/vexv5\libv5rt.a(v5_apijump.c.obj)
                0x03801400                vexTaskStopAll
 .text.vexTaskRemoveAllUser
                0x03801410       0x34 c:\Users\OFSmi\AppData\Roaming\Code\User\globalStorage\vexrobotics.vexcode\sdk\cpp\V5\V5_20240223_11_00_00/vexv5\libv5rt.a(v5_apijump.c.obj)
                0x03801410                vexTaskRemoveAllUser
 .text.vexTaskCompletionIdSet
                0x03801444       0x10 c:\Users\OFSmi\AppData\Roaming\Code\User\globalStorage\vexrobotics.vexcode\sdk\cpp\V5\V5_20240223_11_00_00/vexv5\libv5rt.a(v5_apijump.c.obj)
                0x03801444                vexTaskCompletionIdSet
 .text.vexTaskStopWithId
                0x03801454       0x10 c:\Users\OFSmi\AppData\Roaming\Code\User\globalStorage\vexrobotics.vexcode\sdk\cpp\V5\V5_20240223_11_00_00/vexv5\libv5rt.a(v5_apijump.c.obj)
                0x03801454                vexTaskStopWithId
 .text.vexCriticalSection
                0x03801464       0x2c c:\Users\OFSmi\AppData\Roaming\Code\User\globalStorage\vexrobotics.vexcode\sdk\cpp\V5\V5_20240223_11_00_00/vexv5\libv5rt.a(v5_apijump.c.obj)
                0x03801464                vexCriticalSection
 .text.vexEventAdd
                0x03801490       0x34 c:\Users\OFSmi\AppData\Roaming\Code\User\globalStorage\vexrobotics.vexcode\sdk\cpp\V5\V5_20240223_11_00_00/vexv5\libv5rt.a(v5_apijump.c.obj)
                0x03801490                vexEventAdd
 .text.vexEventUserIndexGet
                0x038014c4       0x1c c:\Users\OFSmi\AppData\Roaming\Code\User\globalStorage\vexrobotics.vexcode\sdk\cpp\V5\V5_20240223_11_00_00/vexv5\libv5rt.a(v5_apijump.c.obj)
                0x038014c4                vexEventUserIndexGet
 .text.vexEventAddWithArg
                0x038014e0       0x3c c:\Users\OFSmi\AppData\Roaming\Code\User\globalStorage\vexrobotics.vexcode\sdk\cpp\V5\V5_20240223_11_00_00/vexv5\libv5rt.a(v5_apijump.c.obj)
                0x038014e0                vexEventAddWithArg
 .text.vexEventsCleanup
                0x0380151c       0x2c c:\Users\OFSmi\AppData\Roaming\Code\User\globalStorage\vexrobotics.vexcode\sdk\cpp\V5\V5_20240223_11_00_00/vexv5\libv5rt.a(v5_apijump.c.obj)
                0x0380151c                vexEventsCleanup
 .text.vexDebug
                0x03801548       0x38 c:\Users\OFSmi\AppData\Roaming\Code\User\globalStorage\vexrobotics.vexcode\sdk\cpp\V5\V5_20240223_11_00_00/vexv5\libv5rt.a(v5_apijump.c.obj)
                0x03801548                vexDebug
 .text.vex_sprintf
                0x03801580       0x40 c:\Users\OFSmi\AppData\Roaming\Code\User\globalStorage\vexrobotics.vexcode\sdk\cpp\V5\V5_20240223_11_00_00/vexv5\libv5rt.a(v5_apijump.c.obj)
                0x03801580                vex_sprintf
 .text.vexSystemTimeGet
                0x038015c0       0x1c c:\Users\OFSmi\AppData\Roaming\Code\User\globalStorage\vexrobotics.vexcode\sdk\cpp\V5\V5_20240223_11_00_00/vexv5\libv5rt.a(v5_apijump.c.obj)
                0x038015c0                vexSystemTimeGet
 .text.vexSystemExitRequest
                0x038015dc       0x1c c:\Users\OFSmi\AppData\Roaming\Code\User\globalStorage\vexrobotics.vexcode\sdk\cpp\V5\V5_20240223_11_00_00/vexv5\libv5rt.a(v5_apijump.c.obj)
                0x038015dc                vexSystemExitRequest
 .text.vexDeviceGetByIndex
                0x038015f8       0x24 c:\Users\OFSmi\AppData\Roaming\Code\User\globalStorage\vexrobotics.vexcode\sdk\cpp\V5\V5_20240223_11_00_00/vexv5\libv5rt.a(v5_apijump.c.obj)
                0x038015f8                vexDeviceGetByIndex
 .text.vexControllerGet
                0x0380161c       0x2c c:\Users\OFSmi\AppData\Roaming\Code\User\globalStorage\vexrobotics.vexcode\sdk\cpp\V5\V5_20240223_11_00_00/vexv5\libv5rt.a(v5_apijump.c.obj)
                0x0380161c                vexControllerGet
 .text.vexDeviceAdiPortConfigSet
                0x03801648       0x34 c:\Users\OFSmi\AppData\Roaming\Code\User\globalStorage\vexrobotics.vexcode\sdk\cpp\V5\V5_20240223_11_00_00/vexv5\libv5rt.a(v5_apijump.c.obj)
                0x03801648                vexDeviceAdiPortConfigSet
 .text.vexDeviceAdiPortConfigGet
                0x0380167c       0x2c c:\Users\OFSmi\AppData\Roaming\Code\User\globalStorage\vexrobotics.vexcode\sdk\cpp\V5\V5_20240223_11_00_00/vexv5\libv5rt.a(v5_apijump.c.obj)
                0x0380167c                vexDeviceAdiPortConfigGet
 .text.vexDeviceAdiValueSet
                0x038016a8       0x34 c:\Users\OFSmi\AppData\Roaming\Code\User\globalStorage\vexrobotics.vexcode\sdk\cpp\V5\V5_20240223_11_00_00/vexv5\libv5rt.a(v5_apijump.c.obj)
                0x038016a8                vexDeviceAdiValueSet
 .text.vexDeviceMotorVelocitySet
                0x038016dc       0x2c c:\Users\OFSmi\AppData\Roaming\Code\User\globalStorage\vexrobotics.vexcode\sdk\cpp\V5\V5_20240223_11_00_00/vexv5\libv5rt.a(v5_apijump.c.obj)
                0x038016dc                vexDeviceMotorVelocitySet
 .text.vexDeviceMotorVoltageSet
                0x03801708       0x2c c:\Users\OFSmi\AppData\Roaming\Code\User\globalStorage\vexrobotics.vexcode\sdk\cpp\V5\V5_20240223_11_00_00/vexv5\libv5rt.a(v5_apijump.c.obj)
                0x03801708                vexDeviceMotorVoltageSet
 .text.vexDeviceMotorVelocityGet
                0x03801734       0x24 c:\Users\OFSmi\AppData\Roaming\Code\User\globalStorage\vexrobotics.vexcode\sdk\cpp\V5\V5_20240223_11_00_00/vexv5\libv5rt.a(v5_apijump.c.obj)
                0x03801734                vexDeviceMotorVelocityGet
 .text.vexDeviceMotorActualVelocityGet
                0x03801758       0x24 c:\Users\OFSmi\AppData\Roaming\Code\User\globalStorage\vexrobotics.vexcode\sdk\cpp\V5\V5_20240223_11_00_00/vexv5\libv5rt.a(v5_apijump.c.obj)
                0x03801758                vexDeviceMotorActualVelocityGet
 .text.vexDeviceMotorModeGet
                0x0380177c       0x24 c:\Users\OFSmi\AppData\Roaming\Code\User\globalStorage\vexrobotics.vexcode\sdk\cpp\V5\V5_20240223_11_00_00/vexv5\libv5rt.a(v5_apijump.c.obj)
                0x0380177c                vexDeviceMotorModeGet
 .text.vexDeviceMotorZeroPositionFlagGet
                0x038017a0       0x24 c:\Users\OFSmi\AppData\Roaming\Code\User\globalStorage\vexrobotics.vexcode\sdk\cpp\V5\V5_20240223_11_00_00/vexv5\libv5rt.a(v5_apijump.c.obj)
                0x038017a0                vexDeviceMotorZeroPositionFlagGet
 .text.vexDeviceMotorReverseFlagSet
                0x038017c4       0x2c c:\Users\OFSmi\AppData\Roaming\Code\User\globalStorage\vexrobotics.vexcode\sdk\cpp\V5\V5_20240223_11_00_00/vexv5\libv5rt.a(v5_apijump.c.obj)
                0x038017c4                vexDeviceMotorReverseFlagSet
 .text.vexDeviceMotorEncoderUnitsSet
                0x038017f0       0x2c c:\Users\OFSmi\AppData\Roaming\Code\User\globalStorage\vexrobotics.vexcode\sdk\cpp\V5\V5_20240223_11_00_00/vexv5\libv5rt.a(v5_apijump.c.obj)
                0x038017f0                vexDeviceMotorEncoderUnitsSet
 .text.vexDeviceMotorBrakeModeSet
                0x0380181c       0x2c c:\Users\OFSmi\AppData\Roaming\Code\User\globalStorage\vexrobotics.vexcode\sdk\cpp\V5\V5_20240223_11_00_00/vexv5\libv5rt.a(v5_apijump.c.obj)
                0x0380181c                vexDeviceMotorBrakeModeSet
 .text.vexDeviceMotorPositionSet
                0x03801848       0x34 c:\Users\OFSmi\AppData\Roaming\Code\User\globalStorage\vexrobotics.vexcode\sdk\cpp\V5\V5_20240223_11_00_00/vexv5\libv5rt.a(v5_apijump.c.obj)
                0x03801848                vexDeviceMotorPositionSet
 .text.vexDeviceMotorRelativeTargetSet
                0x0380187c       0x3c c:\Users\OFSmi\AppData\Roaming\Code\User\globalStorage\vexrobotics.vexcode\sdk\cpp\V5\V5_20240223_11_00_00/vexv5\libv5rt.a(v5_apijump.c.obj)
                0x0380187c                vexDeviceMotorRelativeTargetSet
 .text.vexDeviceMotorGearingGet
                0x038018b8       0x24 c:\Users\OFSmi\AppData\Roaming\Code\User\globalStorage\vexrobotics.vexcode\sdk\cpp\V5\V5_20240223_11_00_00/vexv5\libv5rt.a(v5_apijump.c.obj)
                0x038018b8                vexDeviceMotorGearingGet
 .text.vexDeviceAbsEncPositionSet
                0x038018dc       0x2c c:\Users\OFSmi\AppData\Roaming\Code\User\globalStorage\vexrobotics.vexcode\sdk\cpp\V5\V5_20240223_11_00_00/vexv5\libv5rt.a(v5_apijump.c.obj)
                0x038018dc                vexDeviceAbsEncPositionSet
 .text.vexDeviceAbsEncPositionGet
                0x03801908       0x24 c:\Users\OFSmi\AppData\Roaming\Code\User\globalStorage\vexrobotics.vexcode\sdk\cpp\V5\V5_20240223_11_00_00/vexv5\libv5rt.a(v5_apijump.c.obj)
                0x03801908                vexDeviceAbsEncPositionGet
 .text.vexDeviceAbsEncAngleGet
                0x0380192c       0x24 c:\Users\OFSmi\AppData\Roaming\Code\User\globalStorage\vexrobotics.vexcode\sdk\cpp\V5\V5_20240223_11_00_00/vexv5\libv5rt.a(v5_apijump.c.obj)
                0x0380192c                vexDeviceAbsEncAngleGet
 .text.vexDeviceAbsEncReverseFlagSet
                0x03801950       0x2c c:\Users\OFSmi\AppData\Roaming\Code\User\globalStorage\vexrobotics.vexcode\sdk\cpp\V5\V5_20240223_11_00_00/vexv5\libv5rt.a(v5_apijump.c.obj)
                0x03801950                vexDeviceAbsEncReverseFlagSet
 .text.vexDisplayForegroundColor
                0x0380197c       0x24 c:\Users\OFSmi\AppData\Roaming\Code\User\globalStorage\vexrobotics.vexcode\sdk\cpp\V5\V5_20240223_11_00_00/vexv5\libv5rt.a(v5_apijump.c.obj)
                0x0380197c                vexDisplayForegroundColor
 .text.vexDisplayBackgroundColor
                0x038019a0       0x24 c:\Users\OFSmi\AppData\Roaming\Code\User\globalStorage\vexrobotics.vexcode\sdk\cpp\V5\V5_20240223_11_00_00/vexv5\libv5rt.a(v5_apijump.c.obj)
                0x038019a0                vexDisplayBackgroundColor
 .text.vexDisplayTextReference
                0x038019c4       0x24 c:\Users\OFSmi\AppData\Roaming\Code\User\globalStorage\vexrobotics.vexcode\sdk\cpp\V5\V5_20240223_11_00_00/vexv5\libv5rt.a(v5_apijump.c.obj)
                0x038019c4                vexDisplayTextReference
 .text.vexDisplayTextSize
                0x038019e8       0x2c c:\Users\OFSmi\AppData\Roaming\Code\User\globalStorage\vexrobotics.vexcode\sdk\cpp\V5\V5_20240223_11_00_00/vexv5\libv5rt.a(v5_apijump.c.obj)
                0x038019e8                vexDisplayTextSize
 .text.vexDisplayFontNamedSet
                0x03801a14       0x24 c:\Users\OFSmi\AppData\Roaming\Code\User\globalStorage\vexrobotics.vexcode\sdk\cpp\V5\V5_20240223_11_00_00/vexv5\libv5rt.a(v5_apijump.c.obj)
                0x03801a14                vexDisplayFontNamedSet
 .text.vexSystemStdlibImpureDataAddr
                0x03801a38       0x28 c:\Users\OFSmi\AppData\Roaming\Code\User\globalStorage\vexrobotics.vexcode\sdk\cpp\V5\V5_20240223_11_00_00/vexv5\libv5rt.a(v5_apijump.c.obj)
                0x03801a38                vexSystemStdlibImpureDataAddr
 .text.vexSystemStdlibImpureDataSize
                0x03801a60       0x28 c:\Users\OFSmi\AppData\Roaming\Code\User\globalStorage\vexrobotics.vexcode\sdk\cpp\V5\V5_20240223_11_00_00/vexv5\libv5rt.a(v5_apijump.c.obj)
                0x03801a60                vexSystemStdlibImpureDataSize
 .text.vexSystemSaveUserData
                0x03801a88       0x3c c:\Users\OFSmi\AppData\Roaming\Code\User\globalStorage\vexrobotics.vexcode\sdk\cpp\V5\V5_20240223_11_00_00/vexv5\libv5rt.a(v5_apijump.c.obj)
                0x03801a88                vexSystemSaveUserData
 .text.vexDisplayThemeIdGet
                0x03801ac4       0x38 c:\Users\OFSmi\AppData\Roaming\Code\User\globalStorage\vexrobotics.vexcode\sdk\cpp\V5\V5_20240223_11_00_00/vexv5\libv5rt.a(v5_apijump.c.obj)
                0x03801ac4                vexDisplayThemeIdGet
 .text.vexDeviceEventMaskSet
                0x03801afc       0x48 c:\Users\OFSmi\AppData\Roaming\Code\User\globalStorage\vexrobotics.vexcode\sdk\cpp\V5\V5_20240223_11_00_00/vexv5\libv5rt.a(v5_apijump.c.obj)
                0x03801afc                vexDeviceEventMaskSet
 .text.vexDeviceEventMaskGet
                0x03801b44       0x3c c:\Users\OFSmi\AppData\Roaming\Code\User\globalStorage\vexrobotics.vexcode\sdk\cpp\V5\V5_20240223_11_00_00/vexv5\libv5rt.a(v5_apijump.c.obj)
                0x03801b44                vexDeviceEventMaskGet
 .text.vexSystemVersion
                0x03801b80       0x10 c:\Users\OFSmi\AppData\Roaming\Code\User\globalStorage\vexrobotics.vexcode\sdk\cpp\V5\V5_20240223_11_00_00/vexv5\libv5rt.a(v5_apiversions.c.obj)
                0x03801b80                vexSystemVersion
 .text.vexStdlibVersion
                0x03801b90       0x10 c:\Users\OFSmi\AppData\Roaming\Code\User\globalStorage\vexrobotics.vexcode\sdk\cpp\V5\V5_20240223_11_00_00/vexv5\libv5rt.a(v5_apiversions.c.obj)
                0x03801b90                vexStdlibVersion
 .text._ZN3vex4waitEdNS_9timeUnitsE
                0x03801ba0       0x30 c:\Users\OFSmi\AppData\Roaming\Code\User\globalStorage\vexrobotics.vexcode\sdk\cpp\V5\V5_20240223_11_00_00/vexv5\libv5rt.a(vex_global.cpp.obj)
                0x03801ba0                vex::wait(double, vex::timeUnits)
 .text._ZN3vex5motorD2Ev
                0x03801bd0       0x20 c:\Users\OFSmi\AppData\Roaming\Code\User\globalStorage\vexrobotics.vexcode\sdk\cpp\V5\V5_20240223_11_00_00/vexv5\libv5rt.a(vex_motor.cpp.obj)
                0x03801bd0                vex::motor::~motor()
                0x03801bd0                vex::motor::~motor()
 .text._ZN3vex5motorD0Ev
                0x03801bf0       0x1c c:\Users\OFSmi\AppData\Roaming\Code\User\globalStorage\vexrobotics.vexcode\sdk\cpp\V5\V5_20240223_11_00_00/vexv5\libv5rt.a(vex_motor.cpp.obj)
                0x03801bf0                vex::motor::~motor()
 .text._ZN3vex5motor9installedEv
                0x03801c0c       0x18 c:\Users\OFSmi\AppData\Roaming\Code\User\globalStorage\vexrobotics.vexcode\sdk\cpp\V5\V5_20240223_11_00_00/vexv5\libv5rt.a(vex_motor.cpp.obj)
                0x03801c0c                vex::motor::installed()
 .text._ZN3vex5motor15defaultStoppingENS_9brakeTypeE
                0x03801c24       0x30 c:\Users\OFSmi\AppData\Roaming\Code\User\globalStorage\vexrobotics.vexcode\sdk\cpp\V5\V5_20240223_11_00_00/vexv5\libv5rt.a(vex_motor.cpp.obj)
                0x03801c24                vex::motor::defaultStopping(vex::brakeType)
 .text._ZN3vex5motorC2El
                0x03801c54       0x78 c:\Users\OFSmi\AppData\Roaming\Code\User\globalStorage\vexrobotics.vexcode\sdk\cpp\V5\V5_20240223_11_00_00/vexv5\libv5rt.a(vex_motor.cpp.obj)
                0x03801c54                vex::motor::motor(long)
                0x03801c54                vex::motor::motor(long)
 .text._ZN3vex5motorC2Elb
                0x03801ccc       0x24 c:\Users\OFSmi\AppData\Roaming\Code\User\globalStorage\vexrobotics.vexcode\sdk\cpp\V5\V5_20240223_11_00_00/vexv5\libv5rt.a(vex_motor.cpp.obj)
                0x03801ccc                vex::motor::motor(long, bool)
                0x03801ccc                vex::motor::motor(long, bool)
 .text._ZN3vex5motor4spinENS_13directionTypeEdNS_12voltageUnitsE
                0x03801cf0       0x50 c:\Users\OFSmi\AppData\Roaming\Code\User\globalStorage\vexrobotics.vexcode\sdk\cpp\V5\V5_20240223_11_00_00/vexv5\libv5rt.a(vex_motor.cpp.obj)
                0x03801cf0                vex::motor::spin(vex::directionType, double, vex::voltageUnits)
 .text._ZN3vex5motor14isSpinningModeEv
                0x03801d40       0x48 c:\Users\OFSmi\AppData\Roaming\Code\User\globalStorage\vexrobotics.vexcode\sdk\cpp\V5\V5_20240223_11_00_00/vexv5\libv5rt.a(vex_motor.cpp.obj)
                0x03801d40                vex::motor::isSpinningMode()
 .text._ZN3vex5motor10isSpinningEv
                0x03801d88       0x44 c:\Users\OFSmi\AppData\Roaming\Code\User\globalStorage\vexrobotics.vexcode\sdk\cpp\V5\V5_20240223_11_00_00/vexv5\libv5rt.a(vex_motor.cpp.obj)
                0x03801d88                vex::motor::isSpinning()
 .text._ZN3vex5motor4stopENS_9brakeTypeE
                0x03801dcc       0x30 c:\Users\OFSmi\AppData\Roaming\Code\User\globalStorage\vexrobotics.vexcode\sdk\cpp\V5\V5_20240223_11_00_00/vexv5\libv5rt.a(vex_motor.cpp.obj)
                0x03801dcc                vex::motor::stop(vex::brakeType)
 .text._ZN3vex5motor4stopEv
                0x03801dfc        0x8 c:\Users\OFSmi\AppData\Roaming\Code\User\globalStorage\vexrobotics.vexcode\sdk\cpp\V5\V5_20240223_11_00_00/vexv5\libv5rt.a(vex_motor.cpp.obj)
                0x03801dfc                vex::motor::stop()
 .text._ZN3vex5motor16velocityToScaledEdNS_13velocityUnitsE
                0x03801e04       0x5c c:\Users\OFSmi\AppData\Roaming\Code\User\globalStorage\vexrobotics.vexcode\sdk\cpp\V5\V5_20240223_11_00_00/vexv5\libv5rt.a(vex_motor.cpp.obj)
                0x03801e04                vex::motor::velocityToScaled(double, vex::velocityUnits)
 .text._ZN3vex5motor8velocityENS_13velocityUnitsE
                0x03801e60       0x30 c:\Users\OFSmi\AppData\Roaming\Code\User\globalStorage\vexrobotics.vexcode\sdk\cpp\V5\V5_20240223_11_00_00/vexv5\libv5rt.a(vex_motor.cpp.obj)
                0x03801e60                vex::motor::velocity(vex::velocityUnits)
 .text._ZN3vex5motor5valueEv
                0x03801e90       0x1c c:\Users\OFSmi\AppData\Roaming\Code\User\globalStorage\vexrobotics.vexcode\sdk\cpp\V5\V5_20240223_11_00_00/vexv5\libv5rt.a(vex_motor.cpp.obj)
                0x03801e90                vex::motor::value()
 .text._ZN3vex5motor16scaledToVelocityEdNS_13velocityUnitsE
                0x03801eac       0xa4 c:\Users\OFSmi\AppData\Roaming\Code\User\globalStorage\vexrobotics.vexcode\sdk\cpp\V5\V5_20240223_11_00_00/vexv5\libv5rt.a(vex_motor.cpp.obj)
                0x03801eac                vex::motor::scaledToVelocity(double, vex::velocityUnits)
 .text._ZN3vex5motor4spinENS_13directionTypeEdNS_13velocityUnitsE
                0x03801f50       0x5c c:\Users\OFSmi\AppData\Roaming\Code\User\globalStorage\vexrobotics.vexcode\sdk\cpp\V5\V5_20240223_11_00_00/vexv5\libv5rt.a(vex_motor.cpp.obj)
                0x03801f50                vex::motor::spin(vex::directionType, double, vex::velocityUnits)
 .text._ZN3vex5motor4spinENS_13directionTypeE
                0x03801fac       0x28 c:\Users\OFSmi\AppData\Roaming\Code\User\globalStorage\vexrobotics.vexcode\sdk\cpp\V5\V5_20240223_11_00_00/vexv5\libv5rt.a(vex_motor.cpp.obj)
                0x03801fac                vex::motor::spin(vex::directionType)
 .text._ZN3vex5motor11setVelocityEdNS_13velocityUnitsE
                0x03801fd4       0x54 c:\Users\OFSmi\AppData\Roaming\Code\User\globalStorage\vexrobotics.vexcode\sdk\cpp\V5\V5_20240223_11_00_00/vexv5\libv5rt.a(vex_motor.cpp.obj)
                0x03801fd4                vex::motor::setVelocity(double, vex::velocityUnits)
 .text._ZN3vex5motor16setRotationUnitsENS_13rotationUnitsE
                0x03802028       0x1c c:\Users\OFSmi\AppData\Roaming\Code\User\globalStorage\vexrobotics.vexcode\sdk\cpp\V5\V5_20240223_11_00_00/vexv5\libv5rt.a(vex_motor.cpp.obj)
                0x03802028                vex::motor::setRotationUnits(vex::rotationUnits)
 .text._ZN3vex5motor7spinForEdNS_13rotationUnitsEdNS_13velocityUnitsEb
                0x03802044       0xf4 c:\Users\OFSmi\AppData\Roaming\Code\User\globalStorage\vexrobotics.vexcode\sdk\cpp\V5\V5_20240223_11_00_00/vexv5\libv5rt.a(vex_motor.cpp.obj)
                0x03802044                vex::motor::spinFor(double, vex::rotationUnits, double, vex::velocityUnits, bool)
 .text._ZN3vex5motor7spinForENS_13directionTypeEdNS_13rotationUnitsEdNS_13velocityUnitsEb
                0x03802138       0x34 c:\Users\OFSmi\AppData\Roaming\Code\User\globalStorage\vexrobotics.vexcode\sdk\cpp\V5\V5_20240223_11_00_00/vexv5\libv5rt.a(vex_motor.cpp.obj)
                0x03802138                vex::motor::spinFor(vex::directionType, double, vex::rotationUnits, double, vex::velocityUnits, bool)
 .text._ZN3vex5motor7spinForENS_13directionTypeEdNS_13rotationUnitsEb
                0x0380216c       0x3c c:\Users\OFSmi\AppData\Roaming\Code\User\globalStorage\vexrobotics.vexcode\sdk\cpp\V5\V5_20240223_11_00_00/vexv5\libv5rt.a(vex_motor.cpp.obj)
                0x0380216c                vex::motor::spinFor(vex::directionType, double, vex::rotationUnits, bool)
 .text._ZN3vex8rotationD2Ev
                0x038021a8       0x20 c:\Users\OFSmi\AppData\Roaming\Code\User\globalStorage\vexrobotics.vexcode\sdk\cpp\V5\V5_20240223_11_00_00/vexv5\libv5rt.a(vex_rotation.cpp.obj)
                0x038021a8                vex::rotation::~rotation()
                0x038021a8                vex::rotation::~rotation()
 .text._ZN3vex8rotationD0Ev
                0x038021c8       0x1c c:\Users\OFSmi\AppData\Roaming\Code\User\globalStorage\vexrobotics.vexcode\sdk\cpp\V5\V5_20240223_11_00_00/vexv5\libv5rt.a(vex_rotation.cpp.obj)
                0x038021c8                vex::rotation::~rotation()
 .text._ZN3vex8rotation9installedEv
                0x038021e4       0x18 c:\Users\OFSmi\AppData\Roaming\Code\User\globalStorage\vexrobotics.vexcode\sdk\cpp\V5\V5_20240223_11_00_00/vexv5\libv5rt.a(vex_rotation.cpp.obj)
                0x038021e4                vex::rotation::installed()
 .text._ZN3vex8rotation5valueEv
                0x038021fc        0x8 c:\Users\OFSmi\AppData\Roaming\Code\User\globalStorage\vexrobotics.vexcode\sdk\cpp\V5\V5_20240223_11_00_00/vexv5\libv5rt.a(vex_rotation.cpp.obj)
                0x038021fc                vex::rotation::value()
 .text._ZN3vex8rotationC2Elb
                0x03802204       0x30 c:\Users\OFSmi\AppData\Roaming\Code\User\globalStorage\vexrobotics.vexcode\sdk\cpp\V5\V5_20240223_11_00_00/vexv5\libv5rt.a(vex_rotation.cpp.obj)
                0x03802204                vex::rotation::rotation(long, bool)
                0x03802204                vex::rotation::rotation(long, bool)
 .text._ZN3vex8rotation13resetPositionEv
                0x03802234        0xc c:\Users\OFSmi\AppData\Roaming\Code\User\globalStorage\vexrobotics.vexcode\sdk\cpp\V5\V5_20240223_11_00_00/vexv5\libv5rt.a(vex_rotation.cpp.obj)
                0x03802234                vex::rotation::resetPosition()
 .text._ZN3vex8rotation8positionENS_13rotationUnitsE
                0x03802240       0x50 c:\Users\OFSmi\AppData\Roaming\Code\User\globalStorage\vexrobotics.vexcode\sdk\cpp\V5\V5_20240223_11_00_00/vexv5\libv5rt.a(vex_rotation.cpp.obj)
                0x03802240                vex::rotation::position(vex::rotationUnits)
 .text._ZN3vex10controllerD2Ev
                0x03802290        0x4 c:\Users\OFSmi\AppData\Roaming\Code\User\globalStorage\vexrobotics.vexcode\sdk\cpp\V5\V5_20240223_11_00_00/vexv5\libv5rt.a(vex_controller.cpp.obj)
                0x03802290                vex::controller::~controller()
                0x03802290                vex::controller::~controller()
 .text._ZN3vex10controller5valueE19_V5_ControllerIndex
                0x03802294        0x8 c:\Users\OFSmi\AppData\Roaming\Code\User\globalStorage\vexrobotics.vexcode\sdk\cpp\V5\V5_20240223_11_00_00/vexv5\libv5rt.a(vex_controller.cpp.obj)
                0x03802294                vex::controller::value(_V5_ControllerIndex)
 .text._ZNK3vex10controller6button8pressingEv
                0x0380229c       0xc8 c:\Users\OFSmi\AppData\Roaming\Code\User\globalStorage\vexrobotics.vexcode\sdk\cpp\V5\V5_20240223_11_00_00/vexv5\libv5rt.a(vex_controller.cpp.obj)
                0x0380229c                vex::controller::button::pressing() const
 .text._ZNK3vex10controller6button21_buttonToPressedEventEv
                0x03802364       0x20 c:\Users\OFSmi\AppData\Roaming\Code\User\globalStorage\vexrobotics.vexcode\sdk\cpp\V5\V5_20240223_11_00_00/vexv5\libv5rt.a(vex_controller.cpp.obj)
                0x03802364                vex::controller::button::_buttonToPressedEvent() const
 .text._ZNK3vex10controller6button22_buttonToReleasedEventEv
                0x03802384       0x20 c:\Users\OFSmi\AppData\Roaming\Code\User\globalStorage\vexrobotics.vexcode\sdk\cpp\V5\V5_20240223_11_00_00/vexv5\libv5rt.a(vex_controller.cpp.obj)
                0x03802384                vex::controller::button::_buttonToReleasedEvent() const
 .text._ZN3vex10controller6buttonC2ENS0_11tButtonTypeEPS0_
                0x038023a4       0x48 c:\Users\OFSmi\AppData\Roaming\Code\User\globalStorage\vexrobotics.vexcode\sdk\cpp\V5\V5_20240223_11_00_00/vexv5\libv5rt.a(vex_controller.cpp.obj)
                0x038023a4                vex::controller::button::button(vex::controller::tButtonType, vex::controller*)
                0x038023a4                vex::controller::button::button(vex::controller::tButtonType, vex::controller*)
 .text._ZNK3vex10controller4axis5valueEv
                0x038023ec       0x58 c:\Users\OFSmi\AppData\Roaming\Code\User\globalStorage\vexrobotics.vexcode\sdk\cpp\V5\V5_20240223_11_00_00/vexv5\libv5rt.a(vex_controller.cpp.obj)
                0x038023ec                vex::controller::axis::value() const
 .text._ZNK3vex10controller4axis8positionENS_12percentUnitsE
                0x03802444       0x1c c:\Users\OFSmi\AppData\Roaming\Code\User\globalStorage\vexrobotics.vexcode\sdk\cpp\V5\V5_20240223_11_00_00/vexv5\libv5rt.a(vex_controller.cpp.obj)
                0x03802444                vex::controller::axis::position(vex::percentUnits) const
 .text._ZNK3vex10controller4axis23_joystickToChangedEventEv
                0x03802460       0x20 c:\Users\OFSmi\AppData\Roaming\Code\User\globalStorage\vexrobotics.vexcode\sdk\cpp\V5\V5_20240223_11_00_00/vexv5\libv5rt.a(vex_controller.cpp.obj)
                0x03802460                vex::controller::axis::_joystickToChangedEvent() const
 .text._ZN3vex10controller4axisC2ENS0_9tAxisTypeEPS0_
                0x03802480       0x2c c:\Users\OFSmi\AppData\Roaming\Code\User\globalStorage\vexrobotics.vexcode\sdk\cpp\V5\V5_20240223_11_00_00/vexv5\libv5rt.a(vex_controller.cpp.obj)
                0x03802480                vex::controller::axis::axis(vex::controller::tAxisType, vex::controller*)
                0x03802480                vex::controller::axis::axis(vex::controller::tAxisType, vex::controller*)
 .text._ZN3vex10controllerC2Ev
                0x038024ac      0x164 c:\Users\OFSmi\AppData\Roaming\Code\User\globalStorage\vexrobotics.vexcode\sdk\cpp\V5\V5_20240223_11_00_00/vexv5\libv5rt.a(vex_controller.cpp.obj)
                0x038024ac                vex::controller::controller()
                0x038024ac                vex::controller::controller()
 .text._ZN3vex11this_thread9sleep_forEm
                0x03802610        0x4 c:\Users\OFSmi\AppData\Roaming\Code\User\globalStorage\vexrobotics.vexcode\sdk\cpp\V5\V5_20240223_11_00_00/vexv5\libv5rt.a(vex_thread.cpp.obj)
                0x03802610                vex::this_thread::sleep_for(unsigned long)
 .text._ZN3vex5event4initEmmPFvvE
                0x03802614        0x4 c:\Users\OFSmi\AppData\Roaming\Code\User\globalStorage\vexrobotics.vexcode\sdk\cpp\V5\V5_20240223_11_00_00/vexv5\libv5rt.a(vex_event.cpp.obj)
                0x03802614                vex::event::init(unsigned long, unsigned long, void (*)())
 .text._ZN3vex5event4initEmmPFvPvES1_
                0x03802618        0x4 c:\Users\OFSmi\AppData\Roaming\Code\User\globalStorage\vexrobotics.vexcode\sdk\cpp\V5\V5_20240223_11_00_00/vexv5\libv5rt.a(vex_event.cpp.obj)
                0x03802618                vex::event::init(unsigned long, unsigned long, void (*)(void*), void*)
 .text._ZN3vex5event9userindexEv
                0x0380261c        0x4 c:\Users\OFSmi\AppData\Roaming\Code\User\globalStorage\vexrobotics.vexcode\sdk\cpp\V5\V5_20240223_11_00_00/vexv5\libv5rt.a(vex_event.cpp.obj)
                0x0380261c                vex::event::userindex()
 .text._ZZN3vex6meventC4EmmENUlvE_4_FUNEv
                0x03802620        0x4 c:\Users\OFSmi\AppData\Roaming\Code\User\globalStorage\vexrobotics.vexcode\sdk\cpp\V5\V5_20240223_11_00_00/vexv5\libv5rt.a(vex_mevent.cpp.obj)
 .text._ZN3vex6meventC2Emm
                0x03802624       0x70 c:\Users\OFSmi\AppData\Roaming\Code\User\globalStorage\vexrobotics.vexcode\sdk\cpp\V5\V5_20240223_11_00_00/vexv5\libv5rt.a(vex_mevent.cpp.obj)
                0x03802624                vex::mevent::mevent(unsigned long, unsigned long)
                0x03802624                vex::mevent::mevent(unsigned long, unsigned long)
 .text._ZN3vex5brain9_getIndexEv
                0x03802694       0x10 c:\Users\OFSmi\AppData\Roaming\Code\User\globalStorage\vexrobotics.vexcode\sdk\cpp\V5\V5_20240223_11_00_00/vexv5\libv5rt.a(vex_brain.cpp.obj)
                0x03802694                vex::brain::_getIndex()
 .text._ZN3vex5brain3lcd9setCursorEll
                0x038026a4       0x44 c:\Users\OFSmi\AppData\Roaming\Code\User\globalStorage\vexrobotics.vexcode\sdk\cpp\V5\V5_20240223_11_00_00/vexv5\libv5rt.a(vex_brain.cpp.obj)
                0x038026a4                vex::brain::lcd::setCursor(long, long)
 .text._ZN3vex5brain3lcd7setFontENS_8fontTypeE
                0x038026e8      0x23c c:\Users\OFSmi\AppData\Roaming\Code\User\globalStorage\vexrobotics.vexcode\sdk\cpp\V5\V5_20240223_11_00_00/vexv5\libv5rt.a(vex_brain.cpp.obj)
                0x038026e8                vex::brain::lcd::setFont(vex::fontType)
 .text._ZN3vex5brain3lcdC2Ev
                0x03802924       0x94 c:\Users\OFSmi\AppData\Roaming\Code\User\globalStorage\vexrobotics.vexcode\sdk\cpp\V5\V5_20240223_11_00_00/vexv5\libv5rt.a(vex_brain.cpp.obj)
                0x03802924                vex::brain::lcd::lcd()
                0x03802924                vex::brain::lcd::lcd()
 .text._ZN3vex5brainC2Ev
                0x038029b8       0x3c c:\Users\OFSmi\AppData\Roaming\Code\User\globalStorage\vexrobotics.vexcode\sdk\cpp\V5\V5_20240223_11_00_00/vexv5\libv5rt.a(vex_brain.cpp.obj)
                0x038029b8                vex::brain::brain()
                0x038029b8                vex::brain::brain()
 .text._ZN3vex5brainD2Ev
                0x038029f4       0x20 c:\Users\OFSmi\AppData\Roaming\Code\User\globalStorage\vexrobotics.vexcode\sdk\cpp\V5\V5_20240223_11_00_00/vexv5\libv5rt.a(vex_brain.cpp.obj)
                0x038029f4                vex::brain::~brain()
                0x038029f4                vex::brain::~brain()
 .text._ZN3vex11competition8_disableEPv
                0x03802a14       0xa4 c:\Users\OFSmi\AppData\Roaming\Code\User\globalStorage\vexrobotics.vexcode\sdk\cpp\V5\V5_20240223_11_00_00/vexv5\libv5rt.a(vex_competition.cpp.obj)
                0x03802a14                vex::competition::_disable(void*)
 .text._ZN3vex11competition11_autonomousEv
                0x03802ab8       0x80 c:\Users\OFSmi\AppData\Roaming\Code\User\globalStorage\vexrobotics.vexcode\sdk\cpp\V5\V5_20240223_11_00_00/vexv5\libv5rt.a(vex_competition.cpp.obj)
                0x03802ab8                vex::competition::_autonomous()
 .text._ZN3vex11competition14_drivercontrolEv
                0x03802b38       0x80 c:\Users\OFSmi\AppData\Roaming\Code\User\globalStorage\vexrobotics.vexcode\sdk\cpp\V5\V5_20240223_11_00_00/vexv5\libv5rt.a(vex_competition.cpp.obj)
                0x03802b38                vex::competition::_drivercontrol()
 .text._ZN3vex11competitionC2Ev
                0x03802bb8      0x13c c:\Users\OFSmi\AppData\Roaming\Code\User\globalStorage\vexrobotics.vexcode\sdk\cpp\V5\V5_20240223_11_00_00/vexv5\libv5rt.a(vex_competition.cpp.obj)
                0x03802bb8                vex::competition::competition()
                0x03802bb8                vex::competition::competition()
 .text._ZN3vex11competitionD2Ev
                0x03802cf4        0x4 c:\Users\OFSmi\AppData\Roaming\Code\User\globalStorage\vexrobotics.vexcode\sdk\cpp\V5\V5_20240223_11_00_00/vexv5\libv5rt.a(vex_competition.cpp.obj)
                0x03802cf4                vex::competition::~competition()
                0x03802cf4                vex::competition::~competition()
 .text._ZN3vex11competition10autonomousEPFvvE
                0x03802cf8       0x44 c:\Users\OFSmi\AppData\Roaming\Code\User\globalStorage\vexrobotics.vexcode\sdk\cpp\V5\V5_20240223_11_00_00/vexv5\libv5rt.a(vex_competition.cpp.obj)
                0x03802cf8                vex::competition::autonomous(void (*)())
 .text._ZN3vex11competition13drivercontrolEPFvvE
                0x03802d3c       0x44 c:\Users\OFSmi\AppData\Roaming\Code\User\globalStorage\vexrobotics.vexcode\sdk\cpp\V5\V5_20240223_11_00_00/vexv5\libv5rt.a(vex_competition.cpp.obj)
                0x03802d3c                vex::competition::drivercontrol(void (*)())
 .text._ZN3vex7triportD2Ev
                0x03802d80       0x38 c:\Users\OFSmi\AppData\Roaming\Code\User\globalStorage\vexrobotics.vexcode\sdk\cpp\V5\V5_20240223_11_00_00/vexv5\libv5rt.a(vex_triport.cpp.obj)
                0x03802d80                vex::triport::~triport()
                0x03802d80                vex::triport::~triport()
 .text._ZN3vex7triportD0Ev
                0x03802db8       0x1c c:\Users\OFSmi\AppData\Roaming\Code\User\globalStorage\vexrobotics.vexcode\sdk\cpp\V5\V5_20240223_11_00_00/vexv5\libv5rt.a(vex_triport.cpp.obj)
                0x03802db8                vex::triport::~triport()
 .text._ZN3vex7triport9installedEv
                0x03802dd4       0x18 c:\Users\OFSmi\AppData\Roaming\Code\User\globalStorage\vexrobotics.vexcode\sdk\cpp\V5\V5_20240223_11_00_00/vexv5\libv5rt.a(vex_triport.cpp.obj)
                0x03802dd4                vex::triport::installed()
 .text._ZN3vex7triport4portC2ElPS0_
                0x03802dec       0x74 c:\Users\OFSmi\AppData\Roaming\Code\User\globalStorage\vexrobotics.vexcode\sdk\cpp\V5\V5_20240223_11_00_00/vexv5\libv5rt.a(vex_triport.cpp.obj)
                0x03802dec                vex::triport::port::port(long, vex::triport*)
                0x03802dec                vex::triport::port::port(long, vex::triport*)
 .text._ZN3vex7triportC2El
                0x03802e60       0xf0 c:\Users\OFSmi\AppData\Roaming\Code\User\globalStorage\vexrobotics.vexcode\sdk\cpp\V5\V5_20240223_11_00_00/vexv5\libv5rt.a(vex_triport.cpp.obj)
                0x03802e60                vex::triport::triport(long)
                0x03802e60                vex::triport::triport(long)
 .text._ZN3vex7triport4port4typeENS_11triportTypeE
                0x03802f50       0x30 c:\Users\OFSmi\AppData\Roaming\Code\User\globalStorage\vexrobotics.vexcode\sdk\cpp\V5\V5_20240223_11_00_00/vexv5\libv5rt.a(vex_triport.cpp.obj)
                0x03802f50                vex::triport::port::type(vex::triportType)
 .text._ZN3vex7triport4port4typeEv
                0x03802f80       0x38 c:\Users\OFSmi\AppData\Roaming\Code\User\globalStorage\vexrobotics.vexcode\sdk\cpp\V5\V5_20240223_11_00_00/vexv5\libv5rt.a(vex_triport.cpp.obj)
                0x03802f80                vex::triport::port::type()
 .text._ZN3vex7triport4port5valueEl
                0x03802fb8       0x18 c:\Users\OFSmi\AppData\Roaming\Code\User\globalStorage\vexrobotics.vexcode\sdk\cpp\V5\V5_20240223_11_00_00/vexv5\libv5rt.a(vex_triport.cpp.obj)
                0x03802fb8                vex::triport::port::value(long)
 .text._ZN3vex11__trideviceC2ERNS_7triport4portENS_11triportTypeE
                0x03802fd0       0x5c c:\Users\OFSmi\AppData\Roaming\Code\User\globalStorage\vexrobotics.vexcode\sdk\cpp\V5\V5_20240223_11_00_00/vexv5\libv5rt.a(vex_triport.cpp.obj)
                0x03802fd0                vex::__tridevice::__tridevice(vex::triport::port&, vex::triportType)
                0x03802fd0                vex::__tridevice::__tridevice(vex::triport::port&, vex::triportType)
 .text._ZN3vex11digital_outC2ERNS_7triport4portE
                0x0380302c       0x18 c:\Users\OFSmi\AppData\Roaming\Code\User\globalStorage\vexrobotics.vexcode\sdk\cpp\V5\V5_20240223_11_00_00/vexv5\libv5rt.a(vex_triport.cpp.obj)
                0x0380302c                vex::digital_out::digital_out(vex::triport::port&)
                0x0380302c                vex::digital_out::digital_out(vex::triport::port&)
 .text._ZN3vex11digital_outD2Ev
                0x03803044        0x4 c:\Users\OFSmi\AppData\Roaming\Code\User\globalStorage\vexrobotics.vexcode\sdk\cpp\V5\V5_20240223_11_00_00/vexv5\libv5rt.a(vex_triport.cpp.obj)
                0x03803044                vex::digital_out::~digital_out()
                0x03803044                vex::digital_out::~digital_out()
 .text._ZN3vex11digital_out3setEb
                0x03803048        0x8 c:\Users\OFSmi\AppData\Roaming\Code\User\globalStorage\vexrobotics.vexcode\sdk\cpp\V5\V5_20240223_11_00_00/vexv5\libv5rt.a(vex_triport.cpp.obj)
                0x03803048                vex::digital_out::set(bool)
 .text._ZN3vex5colorD2Ev
                0x03803050        0x4 c:\Users\OFSmi\AppData\Roaming\Code\User\globalStorage\vexrobotics.vexcode\sdk\cpp\V5\V5_20240223_11_00_00/vexv5\libv5rt.a(vex_color.cpp.obj)
                0x03803050                vex::color::~color()
                0x03803050                vex::color::~color()
 .text.startup._GLOBAL__sub_I__ZN3vex5color5blackE
                0x03803054      0x164 c:\Users\OFSmi\AppData\Roaming\Code\User\globalStorage\vexrobotics.vexcode\sdk\cpp\V5\V5_20240223_11_00_00/vexv5\libv5rt.a(vex_color.cpp.obj)
 .text._ZN3vex5timerD2Ev
                0x038031b8        0x4 c:\Users\OFSmi\AppData\Roaming\Code\User\globalStorage\vexrobotics.vexcode\sdk\cpp\V5\V5_20240223_11_00_00/vexv5\libv5rt.a(vex_timer.cpp.obj)
                0x038031b8                vex::timer::~timer()
                0x038031b8                vex::timer::~timer()
 .text._ZN3vex5timer5clearEv
                0x038031bc       0x1c c:\Users\OFSmi\AppData\Roaming\Code\User\globalStorage\vexrobotics.vexcode\sdk\cpp\V5\V5_20240223_11_00_00/vexv5\libv5rt.a(vex_timer.cpp.obj)
                0x038031bc                vex::timer::clear()
 .text._ZN3vex5timerC2Ev
                0x038031d8       0x14 c:\Users\OFSmi\AppData\Roaming\Code\User\globalStorage\vexrobotics.vexcode\sdk\cpp\V5\V5_20240223_11_00_00/vexv5\libv5rt.a(vex_timer.cpp.obj)
                0x038031d8                vex::timer::timer()
                0x038031d8                vex::timer::timer()
 .text._ZN3vex11motor_group18motor_group_motorsC2Ev
                0x038031ec       0x28 c:\Users\OFSmi\AppData\Roaming\Code\User\globalStorage\vexrobotics.vexcode\sdk\cpp\V5\V5_20240223_11_00_00/vexv5\libv5rt.a(vex_motorgroup.cpp.obj)
                0x038031ec                vex::motor_group::motor_group_motors::motor_group_motors()
                0x038031ec                vex::motor_group::motor_group_motors::motor_group_motors()
 .text._ZN3vex11motor_group18motor_group_motorsC2ERKS1_
                0x03803214       0x20 c:\Users\OFSmi\AppData\Roaming\Code\User\globalStorage\vexrobotics.vexcode\sdk\cpp\V5\V5_20240223_11_00_00/vexv5\libv5rt.a(vex_motorgroup.cpp.obj)
                0x03803214                vex::motor_group::motor_group_motors::motor_group_motors(vex::motor_group::motor_group_motors const&)
                0x03803214                vex::motor_group::motor_group_motors::motor_group_motors(vex::motor_group::motor_group_motors const&)
 .text._ZN3vex11motor_groupC2Ev
                0x03803234       0x1c c:\Users\OFSmi\AppData\Roaming\Code\User\globalStorage\vexrobotics.vexcode\sdk\cpp\V5\V5_20240223_11_00_00/vexv5\libv5rt.a(vex_motorgroup.cpp.obj)
                0x03803234                vex::motor_group::motor_group()
                0x03803234                vex::motor_group::motor_group()
 .text._ZN3vex11motor_groupD2Ev
                0x03803250        0x4 c:\Users\OFSmi\AppData\Roaming\Code\User\globalStorage\vexrobotics.vexcode\sdk\cpp\V5\V5_20240223_11_00_00/vexv5\libv5rt.a(vex_motorgroup.cpp.obj)
                0x03803250                vex::motor_group::~motor_group()
                0x03803250                vex::motor_group::~motor_group()
 .text._ZN3vex11motor_group9_addMotorERNS_5motorE
                0x03803254       0x20 c:\Users\OFSmi\AppData\Roaming\Code\User\globalStorage\vexrobotics.vexcode\sdk\cpp\V5\V5_20240223_11_00_00/vexv5\libv5rt.a(vex_motorgroup.cpp.obj)
                0x03803254                vex::motor_group::_addMotor(vex::motor&)
 .text._ZN3vex11motor_group11setVelocityEdNS_13velocityUnitsE
                0x03803274       0x4c c:\Users\OFSmi\AppData\Roaming\Code\User\globalStorage\vexrobotics.vexcode\sdk\cpp\V5\V5_20240223_11_00_00/vexv5\libv5rt.a(vex_motorgroup.cpp.obj)
                0x03803274                vex::motor_group::setVelocity(double, vex::velocityUnits)
 .text._ZN3vex11motor_group4spinENS_13directionTypeE
                0x038032c0       0x38 c:\Users\OFSmi\AppData\Roaming\Code\User\globalStorage\vexrobotics.vexcode\sdk\cpp\V5\V5_20240223_11_00_00/vexv5\libv5rt.a(vex_motorgroup.cpp.obj)
                0x038032c0                vex::motor_group::spin(vex::directionType)
 .text._ZN3vex11motor_group4spinENS_13directionTypeEdNS_13velocityUnitsE
                0x038032f8       0x54 c:\Users\OFSmi\AppData\Roaming\Code\User\globalStorage\vexrobotics.vexcode\sdk\cpp\V5\V5_20240223_11_00_00/vexv5\libv5rt.a(vex_motorgroup.cpp.obj)
                0x038032f8                vex::motor_group::spin(vex::directionType, double, vex::velocityUnits)
 .text._ZN3vex11motor_group4spinENS_13directionTypeEdNS_12voltageUnitsE
                0x0380334c       0x54 c:\Users\OFSmi\AppData\Roaming\Code\User\globalStorage\vexrobotics.vexcode\sdk\cpp\V5\V5_20240223_11_00_00/vexv5\libv5rt.a(vex_motorgroup.cpp.obj)
                0x0380334c                vex::motor_group::spin(vex::directionType, double, vex::voltageUnits)
 .text._ZN3vex11motor_group10isSpinningEv
                0x038033a0       0x40 c:\Users\OFSmi\AppData\Roaming\Code\User\globalStorage\vexrobotics.vexcode\sdk\cpp\V5\V5_20240223_11_00_00/vexv5\libv5rt.a(vex_motorgroup.cpp.obj)
                0x038033a0                vex::motor_group::isSpinning()
 .text._ZN3vex11motor_group6isDoneEv
                0x038033e0       0x14 c:\Users\OFSmi\AppData\Roaming\Code\User\globalStorage\vexrobotics.vexcode\sdk\cpp\V5\V5_20240223_11_00_00/vexv5\libv5rt.a(vex_motorgroup.cpp.obj)
                0x038033e0                vex::motor_group::isDone()
 .text._ZN3vex11motor_group14isSpinningModeEv
                0x038033f4       0x40 c:\Users\OFSmi\AppData\Roaming\Code\User\globalStorage\vexrobotics.vexcode\sdk\cpp\V5\V5_20240223_11_00_00/vexv5\libv5rt.a(vex_motorgroup.cpp.obj)
                0x038033f4                vex::motor_group::isSpinningMode()
 .text._ZN3vex11motor_group4stopEv
                0x03803434       0x30 c:\Users\OFSmi\AppData\Roaming\Code\User\globalStorage\vexrobotics.vexcode\sdk\cpp\V5\V5_20240223_11_00_00/vexv5\libv5rt.a(vex_motorgroup.cpp.obj)
                0x03803434                vex::motor_group::stop()
 .text._ZN3vex11motor_group20waitForCompletionAllEv
                0x03803464       0x60 c:\Users\OFSmi\AppData\Roaming\Code\User\globalStorage\vexrobotics.vexcode\sdk\cpp\V5\V5_20240223_11_00_00/vexv5\libv5rt.a(vex_motorgroup.cpp.obj)
                0x03803464                vex::motor_group::waitForCompletionAll()
 .text._ZN3vex11motor_group7spinForENS_13directionTypeEdNS_13rotationUnitsEdNS_13velocityUnitsEb
                0x038034c4       0xa8 c:\Users\OFSmi\AppData\Roaming\Code\User\globalStorage\vexrobotics.vexcode\sdk\cpp\V5\V5_20240223_11_00_00/vexv5\libv5rt.a(vex_motorgroup.cpp.obj)
                0x038034c4                vex::motor_group::spinFor(vex::directionType, double, vex::rotationUnits, double, vex::velocityUnits, bool)
 .text._ZN3vex11motor_group7spinForENS_13directionTypeEdNS_13rotationUnitsEb
                0x0380356c       0x80 c:\Users\OFSmi\AppData\Roaming\Code\User\globalStorage\vexrobotics.vexcode\sdk\cpp\V5\V5_20240223_11_00_00/vexv5\libv5rt.a(vex_motorgroup.cpp.obj)
                0x0380356c                vex::motor_group::spinFor(vex::directionType, double, vex::rotationUnits, bool)
 .text._ZN3vex10drivetrainD2Ev
                0x038035ec       0x28 c:\Users\OFSmi\AppData\Roaming\Code\User\globalStorage\vexrobotics.vexcode\sdk\cpp\V5\V5_20240223_11_00_00/vexv5\libv5rt.a(vex_drivetrain.cpp.obj)
                0x038035ec                vex::drivetrain::~drivetrain()
                0x038035ec                vex::drivetrain::~drivetrain()
 .text._ZN3vex10drivetrainD0Ev
                0x03803614       0x1c c:\Users\OFSmi\AppData\Roaming\Code\User\globalStorage\vexrobotics.vexcode\sdk\cpp\V5\V5_20240223_11_00_00/vexv5\libv5rt.a(vex_drivetrain.cpp.obj)
                0x03803614                vex::drivetrain::~drivetrain()
 .text._ZN3vex10drivetrain8isMovingEv
                0x03803630       0x24 c:\Users\OFSmi\AppData\Roaming\Code\User\globalStorage\vexrobotics.vexcode\sdk\cpp\V5\V5_20240223_11_00_00/vexv5\libv5rt.a(vex_drivetrain.cpp.obj)
                0x03803630                vex::drivetrain::isMoving()
 .text._ZN3vex10drivetrain16setDriveVelocityEdNS_13velocityUnitsE
                0x03803654       0x48 c:\Users\OFSmi\AppData\Roaming\Code\User\globalStorage\vexrobotics.vexcode\sdk\cpp\V5\V5_20240223_11_00_00/vexv5\libv5rt.a(vex_drivetrain.cpp.obj)
                0x03803654                vex::drivetrain::setDriveVelocity(double, vex::velocityUnits)
 *fill*         0x0380369c        0x4 
 .text._ZN3vex10drivetrain12setGearRatioEd
                0x038036a0       0x54 c:\Users\OFSmi\AppData\Roaming\Code\User\globalStorage\vexrobotics.vexcode\sdk\cpp\V5\V5_20240223_11_00_00/vexv5\libv5rt.a(vex_drivetrain.cpp.obj)
                0x038036a0                vex::drivetrain::setGearRatio(double)
 .text._ZN3vex10drivetrain4turnENS_8turnTypeE
                0x038036f4       0x50 c:\Users\OFSmi\AppData\Roaming\Code\User\globalStorage\vexrobotics.vexcode\sdk\cpp\V5\V5_20240223_11_00_00/vexv5\libv5rt.a(vex_drivetrain.cpp.obj)
                0x038036f4                vex::drivetrain::turn(vex::turnType)
 .text._ZN3vex10drivetrain15setTurnVelocityEdNS_13velocityUnitsE
                0x03803744       0x28 c:\Users\OFSmi\AppData\Roaming\Code\User\globalStorage\vexrobotics.vexcode\sdk\cpp\V5\V5_20240223_11_00_00/vexv5\libv5rt.a(vex_drivetrain.cpp.obj)
                0x03803744                vex::drivetrain::setTurnVelocity(double, vex::velocityUnits)
 .text._ZN3vex10drivetrain6isDoneEv
                0x0380376c       0x14 c:\Users\OFSmi\AppData\Roaming\Code\User\globalStorage\vexrobotics.vexcode\sdk\cpp\V5\V5_20240223_11_00_00/vexv5\libv5rt.a(vex_drivetrain.cpp.obj)
                0x0380376c                vex::drivetrain::isDone()
 .text._ZN3vex10drivetrain4stopEv
                0x03803780       0x24 c:\Users\OFSmi\AppData\Roaming\Code\User\globalStorage\vexrobotics.vexcode\sdk\cpp\V5\V5_20240223_11_00_00/vexv5\libv5rt.a(vex_drivetrain.cpp.obj)
                0x03803780                vex::drivetrain::stop()
 .text._ZN3vex10drivetrain21_waitForCompletionAllEv
                0x038037a4       0x80 c:\Users\OFSmi\AppData\Roaming\Code\User\globalStorage\vexrobotics.vexcode\sdk\cpp\V5\V5_20240223_11_00_00/vexv5\libv5rt.a(vex_drivetrain.cpp.obj)
                0x038037a4                vex::drivetrain::_waitForCompletionAll()
 *fill*         0x03803824        0x4 
 .text._ZN3vex10drivetrain12distanceToMmEdNS_13distanceUnitsE
                0x03803828       0x38 c:\Users\OFSmi\AppData\Roaming\Code\User\globalStorage\vexrobotics.vexcode\sdk\cpp\V5\V5_20240223_11_00_00/vexv5\libv5rt.a(vex_drivetrain.cpp.obj)
                0x03803828                vex::drivetrain::distanceToMm(double, vex::distanceUnits)
 .text._ZN3vex10drivetrainC2ERNS_11motor_groupES2_dddNS_13distanceUnitsEd
                0x03803860      0x110 c:\Users\OFSmi\AppData\Roaming\Code\User\globalStorage\vexrobotics.vexcode\sdk\cpp\V5\V5_20240223_11_00_00/vexv5\libv5rt.a(vex_drivetrain.cpp.obj)
                0x03803860                vex::drivetrain::drivetrain(vex::motor_group&, vex::motor_group&, double, double, double, vex::distanceUnits, double)
                0x03803860                vex::drivetrain::drivetrain(vex::motor_group&, vex::motor_group&, double, double, double, vex::distanceUnits, double)
 .text._ZN3vex10drivetrain14distanceToRevsEdNS_13distanceUnitsE
                0x03803970       0x34 c:\Users\OFSmi\AppData\Roaming\Code\User\globalStorage\vexrobotics.vexcode\sdk\cpp\V5\V5_20240223_11_00_00/vexv5\libv5rt.a(vex_drivetrain.cpp.obj)
                0x03803970                vex::drivetrain::distanceToRevs(double, vex::distanceUnits)
 .text._ZN3vex10drivetrain8driveForENS_13directionTypeEdNS_13distanceUnitsEb
                0x038039a4       0x90 c:\Users\OFSmi\AppData\Roaming\Code\User\globalStorage\vexrobotics.vexcode\sdk\cpp\V5\V5_20240223_11_00_00/vexv5\libv5rt.a(vex_drivetrain.cpp.obj)
                0x038039a4                vex::drivetrain::driveFor(vex::directionType, double, vex::distanceUnits, bool)
 .text._ZN3vex10drivetrain8driveForEdNS_13distanceUnitsEb
                0x03803a34       0x10 c:\Users\OFSmi\AppData\Roaming\Code\User\globalStorage\vexrobotics.vexcode\sdk\cpp\V5\V5_20240223_11_00_00/vexv5\libv5rt.a(vex_drivetrain.cpp.obj)
                0x03803a34                vex::drivetrain::driveFor(double, vex::distanceUnits, bool)
 .text._ZN3vex10drivetrain8driveForENS_13directionTypeEdNS_13distanceUnitsEdNS_13velocityUnitsEb
                0x03803a44       0xc8 c:\Users\OFSmi\AppData\Roaming\Code\User\globalStorage\vexrobotics.vexcode\sdk\cpp\V5\V5_20240223_11_00_00/vexv5\libv5rt.a(vex_drivetrain.cpp.obj)
                0x03803a44                vex::drivetrain::driveFor(vex::directionType, double, vex::distanceUnits, double, vex::velocityUnits, bool)
 .text._ZN3vex10drivetrain8driveForEdNS_13distanceUnitsEdNS_13velocityUnitsEb
                0x03803b0c       0x18 c:\Users\OFSmi\AppData\Roaming\Code\User\globalStorage\vexrobotics.vexcode\sdk\cpp\V5\V5_20240223_11_00_00/vexv5\libv5rt.a(vex_drivetrain.cpp.obj)
                0x03803b0c                vex::drivetrain::driveFor(double, vex::distanceUnits, double, vex::velocityUnits, bool)
 *fill*         0x03803b24        0x4 
 .text._ZN3vex10drivetrain11angleToRevsEdNS_13rotationUnitsE
                0x03803b28       0x98 c:\Users\OFSmi\AppData\Roaming\Code\User\globalStorage\vexrobotics.vexcode\sdk\cpp\V5\V5_20240223_11_00_00/vexv5\libv5rt.a(vex_drivetrain.cpp.obj)
                0x03803b28                vex::drivetrain::angleToRevs(double, vex::rotationUnits)
 .text._ZN3vex10drivetrain7turnForENS_8turnTypeEdNS_13rotationUnitsEb
                0x03803bc0       0xbc c:\Users\OFSmi\AppData\Roaming\Code\User\globalStorage\vexrobotics.vexcode\sdk\cpp\V5\V5_20240223_11_00_00/vexv5\libv5rt.a(vex_drivetrain.cpp.obj)
                0x03803bc0                vex::drivetrain::turnFor(vex::turnType, double, vex::rotationUnits, bool)
 .text._ZN3vex10drivetrain7turnForEdNS_13rotationUnitsEb
                0x03803c7c       0x10 c:\Users\OFSmi\AppData\Roaming\Code\User\globalStorage\vexrobotics.vexcode\sdk\cpp\V5\V5_20240223_11_00_00/vexv5\libv5rt.a(vex_drivetrain.cpp.obj)
                0x03803c7c                vex::drivetrain::turnFor(double, vex::rotationUnits, bool)
 .text._ZN3vex10drivetrain7turnForENS_8turnTypeEdNS_13rotationUnitsEdNS_13velocityUnitsEb
                0x03803c8c       0xd0 c:\Users\OFSmi\AppData\Roaming\Code\User\globalStorage\vexrobotics.vexcode\sdk\cpp\V5\V5_20240223_11_00_00/vexv5\libv5rt.a(vex_drivetrain.cpp.obj)
                0x03803c8c                vex::drivetrain::turnFor(vex::turnType, double, vex::rotationUnits, double, vex::velocityUnits, bool)
 .text._ZN3vex10drivetrain7turnForEdNS_13rotationUnitsEdNS_13velocityUnitsEb
                0x03803d5c       0x18 c:\Users\OFSmi\AppData\Roaming\Code\User\globalStorage\vexrobotics.vexcode\sdk\cpp\V5\V5_20240223_11_00_00/vexv5\libv5rt.a(vex_drivetrain.cpp.obj)
                0x03803d5c                vex::drivetrain::turnFor(double, vex::rotationUnits, double, vex::velocityUnits, bool)
 .text.vexAdiPortConfigSet
                0x03803d74       0x28 c:\Users\OFSmi\AppData\Roaming\Code\User\globalStorage\vexrobotics.vexcode\sdk\cpp\V5\V5_20240223_11_00_00/vexv5\libv5rt.a(v5_apiuser.c.obj)
                0x03803d74                vexAdiPortConfigSet
 .text.vexAdiPortConfigGet
                0x03803d9c       0x28 c:\Users\OFSmi\AppData\Roaming\Code\User\globalStorage\vexrobotics.vexcode\sdk\cpp\V5\V5_20240223_11_00_00/vexv5\libv5rt.a(v5_apiuser.c.obj)
                0x03803d9c                vexAdiPortConfigGet
 .text.vexAdiValueSet
                0x03803dc4       0x28 c:\Users\OFSmi\AppData\Roaming\Code\User\globalStorage\vexrobotics.vexcode\sdk\cpp\V5\V5_20240223_11_00_00/vexv5\libv5rt.a(v5_apiuser.c.obj)
                0x03803dc4                vexAdiValueSet
 .text.vexMotorVelocitySet
                0x03803dec       0x20 c:\Users\OFSmi\AppData\Roaming\Code\User\globalStorage\vexrobotics.vexcode\sdk\cpp\V5\V5_20240223_11_00_00/vexv5\libv5rt.a(v5_apiuser.c.obj)
                0x03803dec                vexMotorVelocitySet
 .text.vexMotorVoltageSet
                0x03803e0c       0x20 c:\Users\OFSmi\AppData\Roaming\Code\User\globalStorage\vexrobotics.vexcode\sdk\cpp\V5\V5_20240223_11_00_00/vexv5\libv5rt.a(v5_apiuser.c.obj)
                0x03803e0c                vexMotorVoltageSet
 .text.vexMotorVelocityGet
                0x03803e2c       0x18 c:\Users\OFSmi\AppData\Roaming\Code\User\globalStorage\vexrobotics.vexcode\sdk\cpp\V5\V5_20240223_11_00_00/vexv5\libv5rt.a(v5_apiuser.c.obj)
                0x03803e2c                vexMotorVelocityGet
 .text.vexMotorActualVelocityGet
                0x03803e44       0x24 c:\Users\OFSmi\AppData\Roaming\Code\User\globalStorage\vexrobotics.vexcode\sdk\cpp\V5\V5_20240223_11_00_00/vexv5\libv5rt.a(v5_apiuser.c.obj)
                0x03803e44                vexMotorActualVelocityGet
 .text.vexMotorModeGet
                0x03803e68       0x18 c:\Users\OFSmi\AppData\Roaming\Code\User\globalStorage\vexrobotics.vexcode\sdk\cpp\V5\V5_20240223_11_00_00/vexv5\libv5rt.a(v5_apiuser.c.obj)
                0x03803e68                vexMotorModeGet
 .text.vexMotorZeroPositionFlagGet
                0x03803e80       0x18 c:\Users\OFSmi\AppData\Roaming\Code\User\globalStorage\vexrobotics.vexcode\sdk\cpp\V5\V5_20240223_11_00_00/vexv5\libv5rt.a(v5_apiuser.c.obj)
                0x03803e80                vexMotorZeroPositionFlagGet
 .text.vexMotorReverseFlagSet
                0x03803e98       0x20 c:\Users\OFSmi\AppData\Roaming\Code\User\globalStorage\vexrobotics.vexcode\sdk\cpp\V5\V5_20240223_11_00_00/vexv5\libv5rt.a(v5_apiuser.c.obj)
                0x03803e98                vexMotorReverseFlagSet
 .text.vexMotorEncoderUnitsSet
                0x03803eb8       0x20 c:\Users\OFSmi\AppData\Roaming\Code\User\globalStorage\vexrobotics.vexcode\sdk\cpp\V5\V5_20240223_11_00_00/vexv5\libv5rt.a(v5_apiuser.c.obj)
                0x03803eb8                vexMotorEncoderUnitsSet
 .text.vexMotorBrakeModeSet
                0x03803ed8       0x20 c:\Users\OFSmi\AppData\Roaming\Code\User\globalStorage\vexrobotics.vexcode\sdk\cpp\V5\V5_20240223_11_00_00/vexv5\libv5rt.a(v5_apiuser.c.obj)
                0x03803ed8                vexMotorBrakeModeSet
 .text.vexMotorPositionSet
                0x03803ef8       0x28 c:\Users\OFSmi\AppData\Roaming\Code\User\globalStorage\vexrobotics.vexcode\sdk\cpp\V5\V5_20240223_11_00_00/vexv5\libv5rt.a(v5_apiuser.c.obj)
                0x03803ef8                vexMotorPositionSet
 .text.vexMotorRelativeTargetSet
                0x03803f20       0x30 c:\Users\OFSmi\AppData\Roaming\Code\User\globalStorage\vexrobotics.vexcode\sdk\cpp\V5\V5_20240223_11_00_00/vexv5\libv5rt.a(v5_apiuser.c.obj)
                0x03803f20                vexMotorRelativeTargetSet
 .text.vexMotorGearingGet
                0x03803f50       0x18 c:\Users\OFSmi\AppData\Roaming\Code\User\globalStorage\vexrobotics.vexcode\sdk\cpp\V5\V5_20240223_11_00_00/vexv5\libv5rt.a(v5_apiuser.c.obj)
                0x03803f50                vexMotorGearingGet
 .text.vexAbsEncPositionSet
                0x03803f68       0x18 c:\Users\OFSmi\AppData\Roaming\Code\User\globalStorage\vexrobotics.vexcode\sdk\cpp\V5\V5_20240223_11_00_00/vexv5\libv5rt.a(v5_apiuser.c.obj)
                0x03803f68                vexAbsEncPositionSet
 .text.vexAbsEncPositionGet
                0x03803f80       0x10 c:\Users\OFSmi\AppData\Roaming\Code\User\globalStorage\vexrobotics.vexcode\sdk\cpp\V5\V5_20240223_11_00_00/vexv5\libv5rt.a(v5_apiuser.c.obj)
                0x03803f80                vexAbsEncPositionGet
 .text.vexAbsEncAngleGet
                0x03803f90       0x10 c:\Users\OFSmi\AppData\Roaming\Code\User\globalStorage\vexrobotics.vexcode\sdk\cpp\V5\V5_20240223_11_00_00/vexv5\libv5rt.a(v5_apiuser.c.obj)
                0x03803f90                vexAbsEncAngleGet
 .text.vexAbsEncReverseFlagSet
                0x03803fa0       0x18 c:\Users\OFSmi\AppData\Roaming\Code\User\globalStorage\vexrobotics.vexcode\sdk\cpp\V5\V5_20240223_11_00_00/vexv5\libv5rt.a(v5_apiuser.c.obj)
                0x03803fa0                vexAbsEncReverseFlagSet
 .text.vexEventMaskSet
                0x03803fb8       0x28 c:\Users\OFSmi\AppData\Roaming\Code\User\globalStorage\vexrobotics.vexcode\sdk\cpp\V5\V5_20240223_11_00_00/vexv5\libv5rt.a(v5_apiuser.c.obj)
                0x03803fb8                vexEventMaskSet
 .text.vexEventMaskGet
                0x03803fe0       0x18 c:\Users\OFSmi\AppData\Roaming\Code\User\globalStorage\vexrobotics.vexcode\sdk\cpp\V5\V5_20240223_11_00_00/vexv5\libv5rt.a(v5_apiuser.c.obj)
                0x03803fe0                vexEventMaskGet
 .text._ZN3vex6deviceD2Ev
                0x03803ff8        0x4 c:\Users\OFSmi\AppData\Roaming\Code\User\globalStorage\vexrobotics.vexcode\sdk\cpp\V5\V5_20240223_11_00_00/vexv5\libv5rt.a(vex_device.cpp.obj)
                0x03803ff8                vex::device::~device()
                0x03803ff8                vex::device::~device()
 .text._ZN3vex6device5valueEv
                0x03803ffc        0x8 c:\Users\OFSmi\AppData\Roaming\Code\User\globalStorage\vexrobotics.vexcode\sdk\cpp\V5\V5_20240223_11_00_00/vexv5\libv5rt.a(vex_device.cpp.obj)
                0x03803ffc                vex::device::value()
 .text._ZN3vex6deviceD0Ev
                0x03804004       0x14 c:\Users\OFSmi\AppData\Roaming\Code\User\globalStorage\vexrobotics.vexcode\sdk\cpp\V5\V5_20240223_11_00_00/vexv5\libv5rt.a(vex_device.cpp.obj)
                0x03804004                vex::device::~device()
 .text._ZN3vex6device4initEl
                0x03804018       0x30 c:\Users\OFSmi\AppData\Roaming\Code\User\globalStorage\vexrobotics.vexcode\sdk\cpp\V5\V5_20240223_11_00_00/vexv5\libv5rt.a(vex_device.cpp.obj)
                0x03804018                vex::device::init(long)
 .text._ZN3vex6deviceC2El
                0x03804048       0x20 c:\Users\OFSmi\AppData\Roaming\Code\User\globalStorage\vexrobotics.vexcode\sdk\cpp\V5\V5_20240223_11_00_00/vexv5\libv5rt.a(vex_device.cpp.obj)
                0x03804048                vex::device::device(long)
                0x03804048                vex::device::device(long)
 .text._ZN3vex6device4typeEv
                0x03804068       0x10 c:\Users\OFSmi\AppData\Roaming\Code\User\globalStorage\vexrobotics.vexcode\sdk\cpp\V5\V5_20240223_11_00_00/vexv5\libv5rt.a(vex_device.cpp.obj)
                0x03804068                vex::device::type()
 .text._ZN3vex6device9installedEv
                0x03804078       0x14 c:\Users\OFSmi\AppData\Roaming\Code\User\globalStorage\vexrobotics.vexcode\sdk\cpp\V5\V5_20240223_11_00_00/vexv5\libv5rt.a(vex_device.cpp.obj)
                0x03804078                vex::device::installed()
 .text._ZN3vex4taskC2EPFivE
                0x0380408c       0x5c c:\Users\OFSmi\AppData\Roaming\Code\User\globalStorage\vexrobotics.vexcode\sdk\cpp\V5\V5_20240223_11_00_00/vexv5\libv5rt.a(vex_task.cpp.obj)
                0x0380408c                vex::task::task(int (*)())
                0x0380408c                vex::task::task(int (*)())
 .text._ZN3vex4taskD2Ev
                0x038040e8        0x4 c:\Users\OFSmi\AppData\Roaming\Code\User\globalStorage\vexrobotics.vexcode\sdk\cpp\V5\V5_20240223_11_00_00/vexv5\libv5rt.a(vex_task.cpp.obj)
                0x038040e8                vex::task::~task()
                0x038040e8                vex::task::~task()
 .text._ZN3vex4task4stopEPvi
                0x038040ec       0x1c c:\Users\OFSmi\AppData\Roaming\Code\User\globalStorage\vexrobotics.vexcode\sdk\cpp\V5\V5_20240223_11_00_00/vexv5\libv5rt.a(vex_task.cpp.obj)
                0x038040ec                vex::task::stop(void*, int)
 .text._ZN3vex4task6_indexEPFivE
                0x03804108       0x14 c:\Users\OFSmi\AppData\Roaming\Code\User\globalStorage\vexrobotics.vexcode\sdk\cpp\V5\V5_20240223_11_00_00/vexv5\libv5rt.a(vex_task.cpp.obj)
                0x03804108                vex::task::_index(int (*)())
 .text._ZN3vex4task8_stopAllEv
                0x0380411c       0x3c c:\Users\OFSmi\AppData\Roaming\Code\User\globalStorage\vexrobotics.vexcode\sdk\cpp\V5\V5_20240223_11_00_00/vexv5\libv5rt.a(vex_task.cpp.obj)
                0x0380411c                vex::task::_stopAll()
 .text.__libc_fini_array
                0x03804158       0x30 c:\Users\OFSmi\AppData\Roaming\Code\User\globalStorage\vexrobotics.vexcode\sdk\cpp\V5\V5_20240223_11_00_00/vexv5/gcc/libs\libc.a(lib_a-fini.o)
                0x03804158                __libc_fini_array
 .text.__libc_init_array
                0x03804188       0x58 c:\Users\OFSmi\AppData\Roaming\Code\User\globalStorage\vexrobotics.vexcode\sdk\cpp\V5\V5_20240223_11_00_00/vexv5/gcc/libs\libc.a(lib_a-init.o)
                0x03804188                __libc_init_array
 .text.atanf    0x038041e0      0x1c0 c:\Users\OFSmi\AppData\Roaming\Code\User\globalStorage\vexrobotics.vexcode\sdk\cpp\V5\V5_20240223_11_00_00/vexv5/gcc/libs\libm.a(lib_a-sf_atan.o)
                0x038041e0                atanf
 .text.cosf     0x038043a0       0x94 c:\Users\OFSmi\AppData\Roaming\Code\User\globalStorage\vexrobotics.vexcode\sdk\cpp\V5\V5_20240223_11_00_00/vexv5/gcc/libs\libm.a(lib_a-sf_cos.o)
                0x038043a0                cosf
 .text.fabsf    0x03804434        0x8 c:\Users\OFSmi\AppData\Roaming\Code\User\globalStorage\vexrobotics.vexcode\sdk\cpp\V5\V5_20240223_11_00_00/vexv5/gcc/libs\libm.a(lib_a-sf_fabs.o)
                0x03804434                fabsf
 .text.sinf     0x0380443c       0xa0 c:\Users\OFSmi\AppData\Roaming\Code\User\globalStorage\vexrobotics.vexcode\sdk\cpp\V5\V5_20240223_11_00_00/vexv5/gcc/libs\libm.a(lib_a-sf_sin.o)
                0x0380443c                sinf
 .text.__ieee754_rem_pio2f
                0x038044dc      0x278 c:\Users\OFSmi\AppData\Roaming\Code\User\globalStorage\vexrobotics.vexcode\sdk\cpp\V5\V5_20240223_11_00_00/vexv5/gcc/libs\libm.a(lib_a-ef_rem_pio2.o)
                0x038044dc                __ieee754_rem_pio2f
 .text.__kernel_cosf
                0x03804754      0x118 c:\Users\OFSmi\AppData\Roaming\Code\User\globalStorage\vexrobotics.vexcode\sdk\cpp\V5\V5_20240223_11_00_00/vexv5/gcc/libs\libm.a(lib_a-kf_cos.o)
                0x03804754                __kernel_cosf
 .text.__kernel_rem_pio2f
                0x0380486c      0x628 c:\Users\OFSmi\AppData\Roaming\Code\User\globalStorage\vexrobotics.vexcode\sdk\cpp\V5\V5_20240223_11_00_00/vexv5/gcc/libs\libm.a(lib_a-kf_rem_pio2.o)
                0x0380486c                __kernel_rem_pio2f
 .text.__kernel_sinf
                0x03804e94       0x98 c:\Users\OFSmi\AppData\Roaming\Code\User\globalStorage\vexrobotics.vexcode\sdk\cpp\V5\V5_20240223_11_00_00/vexv5/gcc/libs\libm.a(lib_a-kf_sin.o)
                0x03804e94                __kernel_sinf
 .text.floorf   0x03804f2c       0xb4 c:\Users\OFSmi\AppData\Roaming\Code\User\globalStorage\vexrobotics.vexcode\sdk\cpp\V5\V5_20240223_11_00_00/vexv5/gcc/libs\libm.a(lib_a-sf_floor.o)
                0x03804f2c                floorf
 .text.scalbnf  0x03804fe0      0x100 c:\Users\OFSmi\AppData\Roaming\Code\User\globalStorage\vexrobotics.vexcode\sdk\cpp\V5\V5_20240223_11_00_00/vexv5/gcc/libs\libm.a(lib_a-sf_scalbn.o)
                0x03804fe0                scalbnf
 .text.copysignf
                0x038050e0        0xc c:\Users\OFSmi\AppData\Roaming\Code\User\globalStorage\vexrobotics.vexcode\sdk\cpp\V5\V5_20240223_11_00_00/vexv5/gcc/libs\libm.a(lib_a-sf_copysign.o)
                0x038050e0                copysignf
 *fill*         0x038050ec        0x4 
 .text.copysignf.__stub
                0x038050f0       0x20 linker stubs
 *(.gnu.linkonce.t.*)
 *(.plt)
 *(.gnu_warning)
 *(.gcc_except_table)
 *(.glue_7)
 .glue_7        0x00000000        0x0 linker stubs
 *(.glue_7t)
 .glue_7t       0x00000000        0x0 linker stubs
 *(.vfp11_veneer)
 .vfp11_veneer  0x00000000        0x0 linker stubs
 *(.ARM.extab)
 *(.gnu.linkonce.armextab.*)

.v4_bx          0x03805110        0x0
 .v4_bx         0x00000000        0x0 linker stubs

.iplt           0x03805110        0x0
 .iplt          0x00000000        0x0 build/src/main.o

.init
 *(.init)

.fini
 *(.fini)

.rodata         0x03805110      0x578
                0x03805110                __rodata_start = .
 *(.rodata)
 *(.rodata.*)
 .rodata.str1.1
                0x03805110       0x2e c:\Users\OFSmi\AppData\Roaming\Code\User\globalStorage\vexrobotics.vexcode\sdk\cpp\V5\V5_20240223_11_00_00/vexv5\libv5rt.a(v5_startup.c.obj)
 *fill*         0x0380513e        0x2 
 .rodata._ZN3vex5PORT3E
                0x03805140        0x4 c:\Users\OFSmi\AppData\Roaming\Code\User\globalStorage\vexrobotics.vexcode\sdk\cpp\V5\V5_20240223_11_00_00/vexv5\libv5rt.a(vex_global.cpp.obj)
                0x03805140                vex::PORT3
 .rodata._ZN3vex5PORT1E
                0x03805144        0x4 c:\Users\OFSmi\AppData\Roaming\Code\User\globalStorage\vexrobotics.vexcode\sdk\cpp\V5\V5_20240223_11_00_00/vexv5\libv5rt.a(vex_global.cpp.obj)
                0x03805144                vex::PORT1
 .rodata._ZN3vex4voltE
                0x03805148        0x4 c:\Users\OFSmi\AppData\Roaming\Code\User\globalStorage\vexrobotics.vexcode\sdk\cpp\V5\V5_20240223_11_00_00/vexv5\libv5rt.a(vex_global.cpp.obj)
                0x03805148                vex::volt
 .rodata._ZN3vex7forwardE
                0x0380514c        0x4 c:\Users\OFSmi\AppData\Roaming\Code\User\globalStorage\vexrobotics.vexcode\sdk\cpp\V5\V5_20240223_11_00_00/vexv5\libv5rt.a(vex_global.cpp.obj)
                0x0380514c                vex::forward
 .rodata._ZN3vex6PORT14E
                0x03805150        0x4 c:\Users\OFSmi\AppData\Roaming\Code\User\globalStorage\vexrobotics.vexcode\sdk\cpp\V5\V5_20240223_11_00_00/vexv5\libv5rt.a(vex_global.cpp.obj)
                0x03805150                vex::PORT14
 .rodata._ZN3vex4msecE
                0x03805154        0x4 c:\Users\OFSmi\AppData\Roaming\Code\User\globalStorage\vexrobotics.vexcode\sdk\cpp\V5\V5_20240223_11_00_00/vexv5\libv5rt.a(vex_global.cpp.obj)
                0x03805154                vex::msec
 .rodata._ZN3vex5PORT2E
                0x03805158        0x4 c:\Users\OFSmi\AppData\Roaming\Code\User\globalStorage\vexrobotics.vexcode\sdk\cpp\V5\V5_20240223_11_00_00/vexv5\libv5rt.a(vex_global.cpp.obj)
                0x03805158                vex::PORT2
 .rodata._ZN3vex6PORT15E
                0x0380515c        0x4 c:\Users\OFSmi\AppData\Roaming\Code\User\globalStorage\vexrobotics.vexcode\sdk\cpp\V5\V5_20240223_11_00_00/vexv5\libv5rt.a(vex_global.cpp.obj)
                0x0380515c                vex::PORT15
 .rodata._ZN3vex7degreesE
                0x03805160        0x4 c:\Users\OFSmi\AppData\Roaming\Code\User\globalStorage\vexrobotics.vexcode\sdk\cpp\V5\V5_20240223_11_00_00/vexv5\libv5rt.a(vex_global.cpp.obj)
                0x03805160                vex::degrees
 .rodata._ZN3vex6PORT22E
                0x03805164        0x4 c:\Users\OFSmi\AppData\Roaming\Code\User\globalStorage\vexrobotics.vexcode\sdk\cpp\V5\V5_20240223_11_00_00/vexv5\libv5rt.a(vex_global.cpp.obj)
                0x03805164                vex::PORT22
 .rodata._ZN3vex6PORT12E
                0x03805168        0x4 c:\Users\OFSmi\AppData\Roaming\Code\User\globalStorage\vexrobotics.vexcode\sdk\cpp\V5\V5_20240223_11_00_00/vexv5\libv5rt.a(vex_global.cpp.obj)
                0x03805168                vex::PORT12
 .rodata._ZN3vex6PORT16E
                0x0380516c        0x4 c:\Users\OFSmi\AppData\Roaming\Code\User\globalStorage\vexrobotics.vexcode\sdk\cpp\V5\V5_20240223_11_00_00/vexv5\libv5rt.a(vex_global.cpp.obj)
                0x0380516c                vex::PORT16
 .rodata._ZN3vex5PORT4E
                0x03805170        0x4 c:\Users\OFSmi\AppData\Roaming\Code\User\globalStorage\vexrobotics.vexcode\sdk\cpp\V5\V5_20240223_11_00_00/vexv5\libv5rt.a(vex_global.cpp.obj)
                0x03805170                vex::PORT4
 .rodata._ZN3vex6PORT13E
                0x03805174        0x4 c:\Users\OFSmi\AppData\Roaming\Code\User\globalStorage\vexrobotics.vexcode\sdk\cpp\V5\V5_20240223_11_00_00/vexv5\libv5rt.a(vex_global.cpp.obj)
                0x03805174                vex::PORT13
 .rodata._ZN3vex6PORT17E
                0x03805178        0x4 c:\Users\OFSmi\AppData\Roaming\Code\User\globalStorage\vexrobotics.vexcode\sdk\cpp\V5\V5_20240223_11_00_00/vexv5\libv5rt.a(vex_global.cpp.obj)
                0x03805178                vex::PORT17
 .rodata._ZN3vex6inchesE
                0x0380517c        0x4 c:\Users\OFSmi\AppData\Roaming\Code\User\globalStorage\vexrobotics.vexcode\sdk\cpp\V5\V5_20240223_11_00_00/vexv5\libv5rt.a(vex_global.cpp.obj)
                0x0380517c                vex::inches
 .rodata._ZTVN3vex5motorE
                0x03805180       0x18 c:\Users\OFSmi\AppData\Roaming\Code\User\globalStorage\vexrobotics.vexcode\sdk\cpp\V5\V5_20240223_11_00_00/vexv5\libv5rt.a(vex_motor.cpp.obj)
                0x03805180                vtable for vex::motor
 .rodata._ZTVN3vex8rotationE
                0x03805198       0x18 c:\Users\OFSmi\AppData\Roaming\Code\User\globalStorage\vexrobotics.vexcode\sdk\cpp\V5\V5_20240223_11_00_00/vexv5\libv5rt.a(vex_rotation.cpp.obj)
                0x03805198                vtable for vex::rotation
 .rodata.CSWTCH.16
                0x038051b0        0xb c:\Users\OFSmi\AppData\Roaming\Code\User\globalStorage\vexrobotics.vexcode\sdk\cpp\V5\V5_20240223_11_00_00/vexv5\libv5rt.a(vex_controller.cpp.obj)
 .rodata.CSWTCH.18
                0x038051bb        0xb c:\Users\OFSmi\AppData\Roaming\Code\User\globalStorage\vexrobotics.vexcode\sdk\cpp\V5\V5_20240223_11_00_00/vexv5\libv5rt.a(vex_controller.cpp.obj)
 .rodata.CSWTCH.24
                0x038051c6        0x3 c:\Users\OFSmi\AppData\Roaming\Code\User\globalStorage\vexrobotics.vexcode\sdk\cpp\V5\V5_20240223_11_00_00/vexv5\libv5rt.a(vex_controller.cpp.obj)
 .rodata.str1.1
                0x038051c9       0x2d c:\Users\OFSmi\AppData\Roaming\Code\User\globalStorage\vexrobotics.vexcode\sdk\cpp\V5\V5_20240223_11_00_00/vexv5\libv5rt.a(vex_brain.cpp.obj)
 *fill*         0x038051f6        0x2 
 .rodata._ZTVN3vex7triportE
                0x038051f8       0x18 c:\Users\OFSmi\AppData\Roaming\Code\User\globalStorage\vexrobotics.vexcode\sdk\cpp\V5\V5_20240223_11_00_00/vexv5\libv5rt.a(vex_triport.cpp.obj)
                0x038051f8                vtable for vex::triport
 .rodata.CSWTCH.39
                0x03805210        0xe c:\Users\OFSmi\AppData\Roaming\Code\User\globalStorage\vexrobotics.vexcode\sdk\cpp\V5\V5_20240223_11_00_00/vexv5\libv5rt.a(vex_triport.cpp.obj)
 .rodata.CSWTCH.44
                0x0380521e       0x10 c:\Users\OFSmi\AppData\Roaming\Code\User\globalStorage\vexrobotics.vexcode\sdk\cpp\V5\V5_20240223_11_00_00/vexv5\libv5rt.a(vex_triport.cpp.obj)
 *fill*         0x0380522e        0x2 
 .rodata._ZTVN3vex10drivetrainE
                0x03805230       0x34 c:\Users\OFSmi\AppData\Roaming\Code\User\globalStorage\vexrobotics.vexcode\sdk\cpp\V5\V5_20240223_11_00_00/vexv5\libv5rt.a(vex_drivetrain.cpp.obj)
                0x03805230                vtable for vex::drivetrain
 *fill*         0x03805264        0x4 
 .rodata._ZTVN3vex6deviceE
                0x03805268       0x18 c:\Users\OFSmi\AppData\Roaming\Code\User\globalStorage\vexrobotics.vexcode\sdk\cpp\V5\V5_20240223_11_00_00/vexv5\libv5rt.a(vex_device.cpp.obj)
                0x03805268                vtable for vex::device
 .rodata.str1.1
                0x03805280       0x14 c:\Users\OFSmi\AppData\Roaming\Code\User\globalStorage\vexrobotics.vexcode\sdk\cpp\V5\V5_20240223_11_00_00/vexv5\libv5rt.a(vex_task.cpp.obj)
 .rodata.str1.4
                0x03805294        0x4 c:\Users\OFSmi\AppData\Roaming\Code\User\globalStorage\vexrobotics.vexcode\sdk\cpp\V5\V5_20240223_11_00_00/vexv5/gcc/libs\libc.a(lib_a-impure.o)
                                  0x2 (size before relaxing)
 .rodata.atanlo
                0x03805298       0x10 c:\Users\OFSmi\AppData\Roaming\Code\User\globalStorage\vexrobotics.vexcode\sdk\cpp\V5\V5_20240223_11_00_00/vexv5/gcc/libs\libm.a(lib_a-sf_atan.o)
 .rodata.atanhi
                0x038052a8       0x10 c:\Users\OFSmi\AppData\Roaming\Code\User\globalStorage\vexrobotics.vexcode\sdk\cpp\V5\V5_20240223_11_00_00/vexv5/gcc/libs\libm.a(lib_a-sf_atan.o)
 .rodata.npio2_hw
                0x038052b8       0x80 c:\Users\OFSmi\AppData\Roaming\Code\User\globalStorage\vexrobotics.vexcode\sdk\cpp\V5\V5_20240223_11_00_00/vexv5/gcc/libs\libm.a(lib_a-ef_rem_pio2.o)
 .rodata.two_over_pi
                0x03805338      0x318 c:\Users\OFSmi\AppData\Roaming\Code\User\globalStorage\vexrobotics.vexcode\sdk\cpp\V5\V5_20240223_11_00_00/vexv5/gcc/libs\libm.a(lib_a-ef_rem_pio2.o)
 .rodata.init_jk
                0x03805650        0xc c:\Users\OFSmi\AppData\Roaming\Code\User\globalStorage\vexrobotics.vexcode\sdk\cpp\V5\V5_20240223_11_00_00/vexv5/gcc/libs\libm.a(lib_a-kf_rem_pio2.o)
 .rodata.PIo2   0x0380565c       0x2c c:\Users\OFSmi\AppData\Roaming\Code\User\globalStorage\vexrobotics.vexcode\sdk\cpp\V5\V5_20240223_11_00_00/vexv5/gcc/libs\libm.a(lib_a-kf_rem_pio2.o)
 *(.gnu.linkonce.r.*)
                0x03805688                __rodata_end = .

.rodata1        0x03805688        0x0
                0x03805688                __rodata1_start = .
 *(.rodata1)
 *(.rodata1.*)
                0x03805688                __rodata1_end = .

.sdata2         0x03805688        0x0
                0x03805688                __sdata2_start = .
 *(.sdata2)
 *(.sdata2.*)
 *(.gnu.linkonce.s2.*)
                0x03805688                __sdata2_end = .

.sbss2          0x03805688        0x0
                0x03805688                __sbss2_start = .
 *(.sbss2)
 *(.sbss2.*)
 *(.gnu.linkonce.sb2.*)
                0x03805688                __sbss2_end = .

.data           0x03805688      0x444
                0x03805688                __data_start = .
 *(.data)
 *(.data.*)
 .data.wheelTravel
                0x03805688        0x4 build/src/main.o
                0x03805688                wheelTravel
 .data.trackWidth
                0x0380568c        0x4 build/src/main.o
                0x0380568c                trackWidth
 .data.wheelBase
                0x03805690        0x4 build/src/main.o
                0x03805690                wheelBase
 .data.externalGearRatio
                0x03805694        0x4 build/src/main.o
                0x03805694                externalGearRatio
 .data.appRunning
                0x03805698        0x4 c:\Users\OFSmi\AppData\Roaming\Code\User\globalStorage\vexrobotics.vexcode\sdk\cpp\V5\V5_20240223_11_00_00/vexv5\libv5rt.a(v5_startup.c.obj)
                0x03805698                appRunning
 .data._ZN3vex24__default_motor_velocityE
                0x0380569c        0x4 c:\Users\OFSmi\AppData\Roaming\Code\User\globalStorage\vexrobotics.vexcode\sdk\cpp\V5\V5_20240223_11_00_00/vexv5\libv5rt.a(vex_motor.cpp.obj)
                0x0380569c                vex::__default_motor_velocity
 .data.impure_data
                0x038056a0      0x428 c:\Users\OFSmi\AppData\Roaming\Code\User\globalStorage\vexrobotics.vexcode\sdk\cpp\V5\V5_20240223_11_00_00/vexv5/gcc/libs\libc.a(lib_a-impure.o)
 .data._impure_ptr
                0x03805ac8        0x4 c:\Users\OFSmi\AppData\Roaming\Code\User\globalStorage\vexrobotics.vexcode\sdk\cpp\V5\V5_20240223_11_00_00/vexv5/gcc/libs\libc.a(lib_a-impure.o)
                0x03805ac8                _impure_ptr
 *(.gnu.linkonce.d.*)
 *(.jcr)
 *(.got)
 *(.got.plt)
                0x03805acc                __data_end = .

.igot.plt       0x03805acc        0x0
 .igot.plt      0x00000000        0x0 build/src/main.o

.data1          0x03805acc        0x0
                0x03805acc                __data1_start = .
 *(.data1)
 *(.data1.*)
                0x03805acc                __data1_end = .

.got
 *(.got)

.ctors          0x03805acc        0x0
                0x03805acc                __CTOR_LIST__ = .
                0x03805acc                ___CTORS_LIST___ = .
 *crtbegin.o(.ctors)
 *(EXCLUDE_FILE(*crtend.o) .ctors)
 *(SORT(.ctors.*))
 *(.ctors)
                0x03805acc                __CTOR_END__ = .
                0x03805acc                ___CTORS_END___ = .

.dtors          0x03805acc        0x0
                0x03805acc                __DTOR_LIST__ = .
                0x03805acc                ___DTORS_LIST___ = .
 *crtbegin.o(.dtors)
 *(EXCLUDE_FILE(*crtend.o) .dtors)
 *(SORT(.dtors.*))
 *(.dtors)
                0x03805acc                __DTOR_END__ = .
                0x03805acc                ___DTORS_END___ = .

.fixup          0x03805acc        0x0
                0x03805acc                __fixup_start = .
 *(.fixup)
                0x03805acc                __fixup_end = .

.eh_frame
 *(.eh_frame)

.eh_framehdr    0x03805acc        0x0
                0x03805acc                __eh_framehdr_start = .
 *(.eh_framehdr)
                0x03805acc                __eh_framehdr_end = .

.gcc_except_table
 *(.gcc_except_table)

.mmu_tbl        0x03808000        0x0
                0x03808000                __mmu_tbl_start = .
 *(.mmu_tbl)
                0x03808000                __mmu_tbl_end = .

.ARM.exidx      0x03805acc        0x8
                0x03805acc                __exidx_start = .
 *(.ARM.exidx*)
 .ARM.exidx.text._ZN3vex11motor_groupC2IJNS_5motorES2_EEERS2_DpRT_
                0x03805acc        0x8 build/src/main.o
 .ARM.exidx.text._ZN15positionSensingD2Ev
                0x03805ad4        0x0 build/src/main.o
                                  0x8 (size before relaxing)
 .ARM.exidx.text._Z20resetRotationSensorsv
                0x03805ad4        0x0 build/src/main.o
                                  0x8 (size before relaxing)
 .ARM.exidx.text._Z10autonomousv
                0x03805ad4        0x0 build/src/main.o
                                  0x8 (size before relaxing)
 .ARM.exidx.text._Z11usercontrolv
                0x03805ad4        0x0 build/src/main.o
                                  0x8 (size before relaxing)
 .ARM.exidx.text.main
                0x03805ad4        0x0 build/src/main.o
                                  0x8 (size before relaxing)
 .ARM.exidx.text._GLOBAL__sub_I_main.cpp
                0x03805ad4        0x0 build/src/main.o
                                  0x8 (size before relaxing)
 .ARM.exidx.text._ZNSt6vectorIfSaIfEEC2ERKS1_
                0x03805ad4        0x0 build/src/Pathing.o
                                  0x8 (size before relaxing)
 .ARM.exidx.text._ZNSt12_Vector_baseIfSaIfEE11_M_allocateEj
                0x03805ad4        0x0 build/src/Pathing.o
                                  0x8 (size before relaxing)
 .ARM.exidx.text._GLOBAL__sub_I_Pathing.cpp
                0x03805ad4        0x0 build/src/Pathing.o
                                  0x8 (size before relaxing)
 .ARM.exidx.text._ZN10vectorMath16CartesianToPolarERSt6vectorIfSaIfEE
                0x03805ad4        0x0 build/src/vectorMath.o
                                  0x8 (size before relaxing)
 .ARM.exidx.text._ZN10vectorMath10AddVectorsESt6vectorIfSaIfEES2_
                0x03805ad4        0x0 build/src/vectorMath.o
                                  0x8 (size before relaxing)
 .ARM.exidx.text._ZN10vectorMath20RotateVectorAdditionERSt6vectorIfSaIfEEf
                0x03805ad4        0x0 build/src/vectorMath.o
                                  0x8 (size before relaxing)
 .ARM.exidx.text._ZN10vectorMath16PolarToCartesianERSt6vectorIfSaIfEE
                0x03805ad4        0x0 build/src/vectorMath.o
                                  0x8 (size before relaxing)
 .ARM.exidx.text._ZN10vectorMath11ScaleVectorESt6vectorIfSaIfEEf
                0x03805ad4        0x0 build/src/vectorMath.o
                                  0x8 (size before relaxing)
 .ARM.exidx.text._ZN10vectorMath15AngleToDistanceEf
                0x03805ad4        0x0 build/src/vectorMath.o
                                  0x8 (size before relaxing)
 .ARM.exidx.text._GLOBAL__sub_I_vectorMath.cpp
                0x03805ad4        0x0 build/src/vectorMath.o
                                  0x8 (size before relaxing)
 .ARM.exidx.text._ZN15positionSensingC2Effffff
                0x03805ad4        0x0 build/src/positionSensing.o
                                  0x8 (size before relaxing)
 .ARM.exidx.text._ZN15positionSensing14UpdatePositionEfff
                0x03805ad4        0x0 build/src/positionSensing.o
                                  0x8 (size before relaxing)
 .ARM.exidx.text._ZNSt6vectorIfSaIfEEC2ESt16initializer_listIfERKS0_
                0x03805ad4        0x0 build/src/positionSensing.o
                                  0x8 (size before relaxing)
 .ARM.exidx.text._ZNSt6vectorIfSaIfEE13_M_assign_auxIPKfEEvT_S5_St20forward_iterator_tag
                0x03805ad4        0x0 build/src/positionSensing.o
                                  0x8 (size before relaxing)
 .ARM.exidx.text._ZNSt6vectorIfSaIfEE14_M_move_assignEOS1_St17integral_constantIbLb1EE
                0x03805ad4        0x0 build/src/positionSensing.o
                                  0x8 (size before relaxing)
 .ARM.exidx.text._GLOBAL__sub_I_positionSensing.cpp
                0x03805ad4        0x0 build/src/positionSensing.o
                                  0x8 (size before relaxing)
 *(.gnu.linkonce.armexidix.*.*)
                0x03805ad4                __exidx_end = .

.rel.dyn        0x03805ad4        0x0
 .rel.iplt      0x00000000        0x0 build/src/main.o

.preinit_array  0x03805ad4        0x0
                0x03805ad4                __preinit_array_start = .
 *(SORT(.preinit_array.*))
 *(.preinit_array)
                0x03805ad4                __preinit_array_end = .

.init_array     0x03805ad4       0x14
                0x03805ad4                __init_array_start = .
 *(SORT(.init_array.*))
 *(.init_array)
 .init_array    0x03805ad4        0x4 build/src/main.o
 .init_array    0x03805ad8        0x4 build/src/Pathing.o
 .init_array    0x03805adc        0x4 build/src/vectorMath.o
 .init_array    0x03805ae0        0x4 build/src/positionSensing.o
 .init_array    0x03805ae4        0x4 c:\Users\OFSmi\AppData\Roaming\Code\User\globalStorage\vexrobotics.vexcode\sdk\cpp\V5\V5_20240223_11_00_00/vexv5\libv5rt.a(vex_color.cpp.obj)
                0x03805ae8                __init_array_end = .

.fini_array     0x03805ae8        0x0
                0x03805ae8                __fini_array_start = .
 *(SORT(.fini_array.*))
 *(.fini_array)
                0x03805ae8                __fini_array_end = .

.ARM.attributes
                0x03805ae8       0x3a
                0x03805ae8                __ARM.attributes_start = .
 *(.ARM.attributes)
 .ARM.attributes
                0x03805ae8       0x3a build/src/main.o
 .ARM.attributes
                0x03805b22       0x3a build/src/Pathing.o
 .ARM.attributes
                0x03805b5c       0x3a build/src/vectorMath.o
 .ARM.attributes
                0x03805b96       0x3a build/src/positionSensing.o
 .ARM.attributes
                0x03805bd0       0x35 c:\Users\OFSmi\AppData\Roaming\Code\User\globalStorage\vexrobotics.vexcode\sdk\cpp\V5\V5_20240223_11_00_00/vexv5\libv5rt.a(v5_startup.c.obj)
 .ARM.attributes
                0x03805c05       0x35 c:\Users\OFSmi\AppData\Roaming\Code\User\globalStorage\vexrobotics.vexcode\sdk\cpp\V5\V5_20240223_11_00_00/vexv5\libv5rt.a(v5_util.c.obj)
 .ARM.attributes
                0x03805c3a       0x35 c:\Users\OFSmi\AppData\Roaming\Code\User\globalStorage\vexrobotics.vexcode\sdk\cpp\V5\V5_20240223_11_00_00/vexv5\libv5rt.a(v5_apijump.c.obj)
 .ARM.attributes